A -> {'n': 42, 'wins': 27, 'quoted_lower': 0.49, 'recomputed_lower': 0.4917, 'delta': 0.0017, 'quoted_decision': 'PROMOTION_ALLOWED', 'recomputed_decision': 'PROMOTION_ALLOWED', 'consistent': True, 'decision_consistent': True}
B_initial -> {'n': 18, 'wins': 11, 'quoted_lower': 0.39, 'recomputed_lower': 0.3862, 'delta': -0.0038, 'quoted_decision': 'NO_PROMOTION_BELOW_FLOOR', 'recomputed_decision': 'NO_PROMOTION_BELOW_FLOOR', 'consistent': True, 'decision_consistent': True}
B_3months -> {'n': 35, 'wins': 22, 'quoted_lower': 0.46, 'recomputed_lower': 0.4634, 'delta': 0.0034, 'quoted_decision': 'STILL_BLOCKED', 'recomputed_decision': 'STILL_BLOCKED', 'consistent': True, 'decision_consistent': True}
B_6months -> {'n': 48, 'wins': 31, 'quoted_lower': 0.5, 'recomputed_lower': 0.5044, 'delta': 0.0044, 'quoted_decision': 'PROMOTION_GRANTED', 'recomputed_decision': 'PROMOTION_ALLOWED', 'consistent': True, 'decision_consistent': True}
all_lower_bounds_consistent: True
all_decisions_consistent: True

== direct Wilson for the DOCUMENT's stated p_hat=0.58, n=42 ==
Wilson(k=27,n=42)  = 0.4917 (code's k; p_hat=27/42=0.643)
Wilson(p_hat=.58 -> k=24.36,n=42) not an integer count
Wilson(k=24,n=42)  = 0.4221 <- 24/42 = 0.571
Wilson(k=25,n=42)  = 0.4449 <- 25/42 = 0.595
Wilson(0.58 exact, n=42): 0.4303

verdict at 0.48 breakeven with k=24 (24<25 needed): BLOCKED
verdict with k=25: BLOCKED

0.58 * 42 = 24.36 (not an integer win count)

== B_3months row: doc says 22/35 adjusted 0.58 LB≈46% still blocked ==
Wilson(k=22,n=35) = 0.4634
code's recomputed decision: STILL_BLOCKED

== who consumes z8_scenarios? ==
/home/user/Upstage/PHASE2_HANDOFF_CP8.md:58:| " | `z8_scenarios()` · `canonical_decision(state)` · `evaluate_promotion(candidate)` · `draft_package(**kw)` | `-> Dict` | re-derived Z.8 (A 27/42 → LB 0.4917 = ALLOWED; B_initial 11/18 → LB 0.3862 = below floor; B_3months 22/35 → LB 0.4634 = still blocked; B_6months 31/48 → LB 0.5044 = ALLOWED; every quoted/recomputed decision consistent); 5 gates; a blocked candidate is `REFUSED` | 4.0.0 |
/home/user/Upstage/PHASE2_TRACEABILITY_MATRIX.md:37:| apex/research/** (backtest/optimizer/promotion/adapter-conformance/bootstrap; ADR-P2-005) | CP-8 | T-AD-001/002, T-PKG-001, Z.8 re-derived, determinism double-run, red-line rejection suite, registry-38 + rejected-6-absent, YAML-immutability watch | PASS(2026-09-14, tests/unit/test_research_proxies.py (35) + test_research_governance.py (50) + test_research_backtest.py (39) + test_research_promotion.py (46) + test_research_checkpoints.py (20) + test_research_optimizer.py (43) + test_research_bootstrap.py (42) + tests/integration/test_cp8_adapters.py (11) + tests/unit/test_ai10_harness.py (9) + test_ai10_nfr_harness.py (12) — registry **38 = 25/10/3** with the six AA.5 rejections **provably absent** (`assert_rejected_absent`, 12 probes, whole-root scan) and `NUMBA_USED=False` (AA.7-2 Wave-Out); **Z.8 re-derived** (`z8_scenarios`: all lower bounds + all decisions consistent); determinism double-run byte-identical; red line: `assert_live_params_untouched` refuses any target inside `params/` incl. a `..` traversal, and the optimizer writes **only** `apex/research/params_suggestions/<run>/*.json`; T-PKG-001 idempotent package injection (`InjectionLedger`, restart-stable); T-AD-001 synthetic self-checks over the read-only E05/E06 adapters (`real_data_gate` OPEN/UNVERIFIED per ADR-P2-009) + **T-AD-002 against the real CP-7 adapter seam** (100 retries ⇒ 1 venue POST, 99 cache hits, key stable); M201–M203 additive research migrations + WAL + resume-never-rewind cursor arithmetic; SPRT halt/rollback; PBO 0.667 on the winner's-curse matrix; 03:00–05:00 UTC window with LIVE_WORKLOAD_HALT first; AI.10 harness runner 19/19 + the NFR harness |
/home/user/Upstage/PHASE2_TRACEABILITY_MATRIX.md:344:| R-CP8\|6 | Ch.18 W.5 + Z.1–Z.9 | apex/research/promotion.py — family pool union, Wilson-95 LB gate, floor 30, shrinkage, SPRT, PBO, DSR band, Z.8 worked example | tests/unit/test_research_promotion.py (46): floor-before-rate, Wilson LB 0.49 for (27,42), λ=n/(n+var), SPRT halt+4 rollback actions, PBO 0.667 flagged, deflated-Sharpe band [0.5,1.0], `z8_scenarios` bounds+decisions consistent, 5-gate promotion verdict | PASS(2026-09-14) |
/home/user/Upstage/apex/research/promotion.py:443:def z8_scenarios() -> Dict[str, Any]:
/home/user/Upstage/tests/unit/test_research_promotion.py:276:        out = pr.z8_scenarios()
/home/user/Upstage/tests/unit/test_research_promotion.py:281:        scenario = pr.z8_scenarios()["scenarios"]["A"]
/home/user/Upstage/tests/unit/test_research_promotion.py:286:        scenarios = pr.z8_scenarios()["scenarios"]
/home/user/Upstage/AUDIT/probes_V6/J-006.py:3:does (z8_scenarios uses k=27, n=42), and what Wilson(0.58, n=42) would give.
/home/user/Upstage/AUDIT/probes_V6/J-006.py:12:from apex.research.promotion import z8_scenarios, wilson_gate, family_pool_gate
/home/user/Upstage/AUDIT/probes_V6/J-006.py:14:z8 = z8_scenarios()
/home/user/Upstage/AUDIT/probes_V6/J-006.py:55:print("== who consumes z8_scenarios? ==")
/home/user/Upstage/AUDIT/probes_V6/J-006.py:57:r = subprocess.run(["grep", "-rn", "z8_scenarios", str(REPO)], capture_output=True, text=True)

