{"corpus_market_rows": 200000, "corpus_raw_rows": 200000, "facts": 1000, "ledger_rows": 100, "seed_seconds": 15.874994326999968}
{"bars": 3, "case": "disk", "checkpoint": {"bars_ingested": 3, "cell_id": "BTCUSDT:1m", "cursor_ms": 1788221040000, "oi_available": false, "payload": {"invalid_bars_dropped": 0, "invalid_reasons": {}}, "phase": 1, "status": "COMPLETE", "symbol": "BTCUSDT", "timeframe": "1m", "updated_at": "2026-09-29T11:50:03Z"}, "device_indexes": false, "probe_counts": {"battery": 1, "disk": 2}, "refreshed_verdict": {"action": "PAUSE", "free_disk_mb": 511.0, "reason": "FREE_DISK_BELOW_512MB", "threshold_mb": 512}, "resource": {"battery": 50, "disk": 511}, "source_calls": 4, "status": "COMPLETE"}
{"case": "disk", "reentry_status": "PAUSED", "source_calls": 4}
{"plan": [[3, 0, 0, "SEARCH raw_observation USING COVERING INDEX idx_raw_sym_tf_asof (symbol=? AND timeframe=?)"]], "plan_group": "False-disk", "sql": "SELECT COUNT(*) FROM raw_observation WHERE symbol='BTCUSDT' AND timeframe='1m'"}
{"plan": [[3, 0, 0, "SEARCH raw_observation USING INDEX sqlite_autoindex_raw_observation_2 (content_hash=?)"]], "plan_group": "False-disk", "sql": "SELECT event_id FROM raw_observation WHERE content_hash='f2b64b254c86453382e813e35b9f97d8d8f073833a8e6a2ddc842256e133d698'"}
{"plan": [[3, 0, 0, "SEARCH raw_observation USING INDEX sqlite_autoindex_raw_observation_2 (content_hash=?)"]], "plan_group": "False-disk", "sql": "SELECT event_id FROM raw_observation WHERE content_hash='186e3df87228941d21eb7c5f44d3cc014bcb6c6877d1d353bd8b33d534240438'"}
{"plan": [[3, 0, 0, "SEARCH raw_observation USING INDEX sqlite_autoindex_raw_observation_2 (content_hash=?)"]], "plan_group": "False-disk", "sql": "SELECT event_id FROM raw_observation WHERE content_hash='f2f89b1aac0c9880523f06ea2299490de3d247ac062254af166c34e7f9faffe2'"}
{"bars": 3, "case": "battery", "checkpoint": {"bars_ingested": 3, "cell_id": "BTCUSDT:1m", "cursor_ms": 1788221640000, "oi_available": false, "payload": {"invalid_bars_dropped": 0, "invalid_reasons": {}}, "phase": 1, "status": "COMPLETE", "symbol": "BTCUSDT", "timeframe": "1m", "updated_at": "2026-09-29T11:50:03Z"}, "device_indexes": false, "probe_counts": {"battery": 1, "disk": 2}, "refreshed_verdict": {"action": "PAUSE", "percentage": 0.04, "plugged": false, "reason": "CONTINUOUS_BATTERY_BELOW_5PCT"}, "resource": {"battery": 4, "disk": 513.0}, "source_calls": 4, "status": "COMPLETE"}
{"case": "battery", "reentry_status": "PAUSED", "source_calls": 4}
{"plan": [[3, 0, 0, "SEARCH raw_observation USING COVERING INDEX idx_raw_sym_tf_asof (symbol=? AND timeframe=?)"]], "plan_group": "False-battery", "sql": "SELECT COUNT(*) FROM raw_observation WHERE symbol='BTCUSDT' AND timeframe='1m'"}
{"plan": [[3, 0, 0, "SEARCH raw_observation USING INDEX sqlite_autoindex_raw_observation_2 (content_hash=?)"]], "plan_group": "False-battery", "sql": "SELECT event_id FROM raw_observation WHERE content_hash='6ad4fe68947f47332bd30959a26a087de03914ceea7cc76aff0ec72f4b71c9d2'"}
{"plan": [[3, 0, 0, "SEARCH raw_observation USING INDEX sqlite_autoindex_raw_observation_2 (content_hash=?)"]], "plan_group": "False-battery", "sql": "SELECT event_id FROM raw_observation WHERE content_hash='772330023942f75a1800daec6b825b4a4f96fa1754047afc81af34f4f5e808ea'"}
{"plan": [[3, 0, 0, "SEARCH raw_observation USING INDEX sqlite_autoindex_raw_observation_2 (content_hash=?)"]], "plan_group": "False-battery", "sql": "SELECT event_id FROM raw_observation WHERE content_hash='59bedc3b9140f786e72c2ac0a20cbbff3f4cac3e8a8641bfee75a2eb4ddd8029'"}
{"bars": 3, "case": "disk", "checkpoint": {"bars_ingested": 3, "cell_id": "BTCUSDT:1m", "cursor_ms": 1788222240000, "oi_available": false, "payload": {"invalid_bars_dropped": 0, "invalid_reasons": {}}, "phase": 1, "status": "COMPLETE", "symbol": "BTCUSDT", "timeframe": "1m", "updated_at": "2026-09-29T11:50:04Z"}, "device_indexes": true, "probe_counts": {"battery": 1, "disk": 2}, "refreshed_verdict": {"action": "PAUSE", "free_disk_mb": 511.0, "reason": "FREE_DISK_BELOW_512MB", "threshold_mb": 512}, "resource": {"battery": 50, "disk": 511}, "source_calls": 4, "status": "COMPLETE"}
{"case": "disk", "reentry_status": "PAUSED", "source_calls": 4}
{"plan": [[3, 0, 0, "SEARCH raw_observation USING COVERING INDEX idx_raw_sym_tf_asof (symbol=? AND timeframe=?)"]], "plan_group": "True-disk", "sql": "SELECT COUNT(*) FROM raw_observation WHERE symbol='BTCUSDT' AND timeframe='1m'"}
{"plan": [[3, 0, 0, "SEARCH raw_observation USING INDEX sqlite_autoindex_raw_observation_2 (content_hash=?)"]], "plan_group": "True-disk", "sql": "SELECT event_id FROM raw_observation WHERE content_hash='71c95486262c4555f02d3b9320276b257e5fee263693de0a8b74aeb43d7e8517'"}
{"plan": [[3, 0, 0, "SEARCH raw_observation USING INDEX sqlite_autoindex_raw_observation_2 (content_hash=?)"]], "plan_group": "True-disk", "sql": "SELECT event_id FROM raw_observation WHERE content_hash='965b31301d695ba1ed9b62c805b24fda549ea7ab1a626d048e43e3f1f7a55da5'"}
{"plan": [[3, 0, 0, "SEARCH raw_observation USING INDEX sqlite_autoindex_raw_observation_2 (content_hash=?)"]], "plan_group": "True-disk", "sql": "SELECT event_id FROM raw_observation WHERE content_hash='ec9044d0cd6ac8db22a7d822378c99dbe000081ee5ba726e04493f4d3bb9138a'"}
{"bars": 3, "case": "battery", "checkpoint": {"bars_ingested": 3, "cell_id": "BTCUSDT:1m", "cursor_ms": 1788222840000, "oi_available": false, "payload": {"invalid_bars_dropped": 0, "invalid_reasons": {}}, "phase": 1, "status": "COMPLETE", "symbol": "BTCUSDT", "timeframe": "1m", "updated_at": "2026-09-29T11:50:04Z"}, "device_indexes": true, "probe_counts": {"battery": 1, "disk": 2}, "refreshed_verdict": {"action": "PAUSE", "percentage": 0.04, "plugged": false, "reason": "CONTINUOUS_BATTERY_BELOW_5PCT"}, "resource": {"battery": 4, "disk": 513.0}, "source_calls": 4, "status": "COMPLETE"}
{"case": "battery", "reentry_status": "PAUSED", "source_calls": 4}
{"plan": [[3, 0, 0, "SEARCH raw_observation USING COVERING INDEX idx_raw_sym_tf_asof (symbol=? AND timeframe=?)"]], "plan_group": "True-battery", "sql": "SELECT COUNT(*) FROM raw_observation WHERE symbol='BTCUSDT' AND timeframe='1m'"}
{"plan": [[3, 0, 0, "SEARCH raw_observation USING INDEX sqlite_autoindex_raw_observation_2 (content_hash=?)"]], "plan_group": "True-battery", "sql": "SELECT event_id FROM raw_observation WHERE content_hash='081922e02ace134ae240f9157ca17b08d26b36697d25f3c9bd183ca40d5c9018'"}
{"plan": [[3, 0, 0, "SEARCH raw_observation USING INDEX sqlite_autoindex_raw_observation_2 (content_hash=?)"]], "plan_group": "True-battery", "sql": "SELECT event_id FROM raw_observation WHERE content_hash='62df088cb2d336fda6d9f73b0951e1244c05639142951ba8da67912b192ba6b2'"}
{"plan": [[3, 0, 0, "SEARCH raw_observation USING INDEX sqlite_autoindex_raw_observation_2 (content_hash=?)"]], "plan_group": "True-battery", "sql": "SELECT event_id FROM raw_observation WHERE content_hash='fde73ccee1acd0c45c661f9c1c73c2e3ae762be301f158266eec9c5a944a382d'"}
{"guard_blocked_attempts": []}
PASS: initial resource checks exist, mid-run changes are not sampled
