--- scripts/run_apex.py production composition ---
        # → gates → forecast → risk/decision chain for a real plan.  Missing
        # persisted engine context remains a named fail-closed refusal; the
        # provider never falls back to a hand-built plan.
        producer = (EC.EngineContextProducer(runtime.store, ledger=ledger,
                    environment="PAPER") if cfg.apex_env == "PAPER" else None)
        plan_bridge = PB.PaperPlanBridge(
            store=runtime.store, environment=cfg.apex_env,
            context_source=producer.get_bridge_context if producer is not None else None,
            context_preparer=producer.prepare if producer is not None else None)
        async def catch_up(now_ms: int) -> Dict[str, Any]:
            result = await service.catch_up(now_ms)
            if cfg.apex_env == "PAPER":
                control.paper_balance = CP.comma_format(await EC.paper_balance(ledger))
            return result

        driver = PL.PaperRuntime(
            config=cfg, store=runtime.store, ledger=ledger, bus=bus,
            adapter=adapter, signaling=signaling, control=control,
            gateway=gateway, watchdog=watchdog, clock=clock,
            environment=cfg.apex_env, notifier=notifier,
            plan_provider=plan_bridge, catch_up=catch_up)
        _say("APEX_GEN5 — 24/7 runtime (reconcile-first boot → the 140-cell "
             "scheduler → the SL-5 → SL-6 trade_plan queue → execution FSM)")
        drift = await C.measure_drift(
            _venue_server_time if adapter is not None else _no_venue_time, clock)
        boot = await driver.boot(drift_seconds=drift.get("drift_seconds"))
        try:
            EC.load_classifier()
            artifact_name = "E11_ARTIFACT"
        except EC.BridgeError as exc:
            artifact_name = exc.reason
        _say(f"  boot_state={boot['boot_state']} "
             f"new_trades_allowed={boot['new_trades_allowed']} "
             f"drift={drift['state']} ({drift.get('reason') or 'measured'}) "
             f"artifact={artifact_name}")
--- paper_loop.py plan boundary ---
        return {"detail": f"intent={record['intent_id']} state={record['state']} "
                          f"fill={record.get('fill')} protected="
                          f"{record.get('protected')}"}

    async def _resolve_plan(self, payload: Mapping[str, Any]
                            ) -> Mapping[str, Any]:
        """Ask the decision bridge for this cell's plan (the frozen SL-5 → SL-6
        seam). No provider ⇒ a NAMED refusal, never a fabricated plan."""
        if self.plan_provider is None:
            raise CellRefusal(
                "NO_PLAN_PROVIDER",
                "no plan provider is wired: the engine → fabric → setup → "
                "forecast → risk → plan bridge is a separate increment "
                "(PHASE2_HANDOFF_WIRING §REMAINING WORK)")
        provided = self.plan_provider(payload["symbol"], payload["timeframe"],
                                      payload["as_of"])
        plan = await provided if hasattr(provided, "__await__") else provided
        if plan is None:
            refusal = getattr(self.plan_provider,"refusals",{}).get(payload["cell_id"])
            if self.environment == "PAPER" and refusal:
                raise CellRefusal(refusal["reason"],refusal.get("detail",""))
            raise CellRefusal("NO_PLAN_FOR_CELL",
                              f"{payload['cell_id']} has no governed plan at "
                              f"{payload['as_of']}")
        if not isinstance(plan, Mapping):
            raise CellRefusal("PLAN_TYPE_QX", type(plan).__name__)
        return dict(plan)

    async def _setup_exists(self, setup_id: str) -> bool:
        if not setup_id:
            return False
        cursor = await self.store.db.execute(
            "SELECT 1 FROM setup_candidate WHERE setup_id=? LIMIT 1",
            (setup_id,))
        return await cursor.fetchone() is not None

    async def _evidence_count(self, symbol: str, timeframe: str) -> int:
        cursor = await self.store.db.execute(
            "SELECT COUNT(*) FROM evidence_event WHERE symbol=? AND timeframe=?",
            (symbol, timeframe))
        row = await cursor.fetchone()
        return int(row[0]) if row else 0

    def _state(self, payload: Mapping[str, Any]) -> Dict[str, Any]:
        holder = payload.get("context") or {}
        return holder.setdefault("cell_state", {})

    # -- one plan, end to end ------------------------------------------------
    async def execute_plan(self, plan: F.TradePlan, *, price: Any,
                           timestamp_utc: Optional[str] = None,
                           close_ms: Optional[int] = None
                           ) -> Dict[str, Any]:
--- matrix Part I scope rows ---
| pyproject.toml · requirements.lock | CP-1 | test_cp1_foundations::test_packaging + test_sbom_pins_exact (nine pins; pytest dev-extra only; no python-dotenv) |  PASS(2026-09-12, tests/unit/test_cp1_foundations.py) |
| apex/config.py | CP-1 | test_cp1::test_env_names_exact_no_shadow + test_no_dotenv_bypass |  PASS(2026-09-12, tests/unit/test_config.py — env names exact, no-shadow, no-dotenv) |
| params/{universe_v1,risk_defaults_v1,setup_weights_v1,quality_weights_v1,toobit_wire_v1,e11_params_v4}.yaml | CP-1 (values §9.5/Ch.10/§2.1/Ch.16) | test_params_frozen_values (literal-by-literal; CP-5 re-asserts e11 vs §6) |  PASS(2026-09-12, tests/unit/test_cp1_foundations.py::TestParamsFrozenValues — literal-by-literal) |
