--- CP-6 test composition sources ---
tests/integration/test_context_to_trade_paper.py:162:def real_active_refs(bars):
tests/integration/test_context_to_trade_paper.py:196:def synth_refs():
tests/integration/test_context_to_trade_paper.py:224:def run_chain(refs):
tests/integration/test_context_to_trade_paper.py:355:def chain():
tests/integration/test_cp14_producer.py:135:def test_g1_exact_38_23_and_unchanged_native_validators(real_context):
tests/integration/test_cp14_producer.py:166:def test_g1_full_24_field_public_store_readback_every_emitter(real_context):
tests/integration/test_cp14_producer.py:179:def test_g1_actual_twelve_native_call_order(real_context):
tests/integration/test_cp14_producer.py:182:def test_g1_canonical_json_twice_same_asof_and_cold_recovery(real_context):
tests/integration/test_cp14_producer.py:190:def test_g1_pit_late_available_bar_excluded(real_context,tmp_path):
tests/integration/test_cp14_producer.py:204:def test_g1_real_bridge_consumes_context_without_fabricated_plan(real_context):
tests/integration/test_cp14_producer.py:215:def test_g1_missing_classifier_and_scope_are_named_refusals(real_context,tmp_path):
tests/integration/test_cp14_producer.py:229:def test_bound_producer_existing_paper_loop_one_cycle_json(real_context,monkeypatch):
tests/integration/test_cp14_producer.py:273:def test_d46_producer_records_bootstrap_p_min_and_provenance(real_context):
--- production composition root ---
        # → gates → forecast → risk/decision chain for a real plan.  Missing
        # persisted engine context remains a named fail-closed refusal; the
        # provider never falls back to a hand-built plan.
        producer = (EC.EngineContextProducer(runtime.store, ledger=ledger,
                    environment="PAPER") if cfg.apex_env == "PAPER" else None)
        plan_bridge = PB.PaperPlanBridge(
            store=runtime.store, environment=cfg.apex_env,
            context_source=producer.get_bridge_context if producer is not None else None,
            context_preparer=producer.prepare if producer is not None else None)
        async def catch_up(now_ms: int) -> Dict[str, Any]:
            result = await service.catch_up(now_ms)
            if cfg.apex_env == "PAPER":
                control.paper_balance = CP.comma_format(await EC.paper_balance(ledger))
            return result

        driver = PL.PaperRuntime(
            config=cfg, store=runtime.store, ledger=ledger, bus=bus,
            adapter=adapter, signaling=signaling, control=control,
            gateway=gateway, watchdog=watchdog, clock=clock,
            environment=cfg.apex_env, notifier=notifier,
            plan_provider=plan_bridge, catch_up=catch_up)
        _say("APEX_GEN5 — 24/7 runtime (reconcile-first boot → the 140-cell "
             "scheduler → the SL-5 → SL-6 trade_plan queue → execution FSM)")
        drift = await C.measure_drift(
            _venue_server_time if adapter is not None else _no_venue_time, clock)
        boot = await driver.boot(drift_seconds=drift.get("drift_seconds"))
        try:
            EC.load_classifier()
            artifact_name = "E11_ARTIFACT"
        except EC.BridgeError as exc:
            artifact_name = exc.reason
        _say(f"  boot_state={boot['boot_state']} "
             f"new_trades_allowed={boot['new_trades_allowed']} "
             f"drift={drift['state']} ({drift.get('reason') or 'measured'}) "
             f"artifact={artifact_name}")
--- PaperRuntime plan seam ---
        if self.plan_provider is None:
            raise CellRefusal(
                "NO_PLAN_PROVIDER",
                "no plan provider is wired: the engine → fabric → setup → "
                "forecast → risk → plan bridge is a separate increment "
                "(PHASE2_HANDOFF_WIRING §REMAINING WORK)")
        provided = self.plan_provider(payload["symbol"], payload["timeframe"],
                                      payload["as_of"])
        plan = await provided if hasattr(provided, "__await__") else provided
        if plan is None:
            refusal = getattr(self.plan_provider,"refusals",{}).get(payload["cell_id"])
            if self.environment == "PAPER" and refusal:
                raise CellRefusal(refusal["reason"],refusal.get("detail",""))
            raise CellRefusal("NO_PLAN_FOR_CELL",
                              f"{payload['cell_id']} has no governed plan at "
                              f"{payload['as_of']}")
        if not isinstance(plan, Mapping):
            raise CellRefusal("PLAN_TYPE_QX", type(plan).__name__)
        return dict(plan)

    async def _setup_exists(self, setup_id: str) -> bool:
        if not setup_id:
            return False
        cursor = await self.store.db.execute(
--- producer/bridge callers ---
scripts/run_apex.py:748:        producer = (EC.EngineContextProducer(runtime.store, ledger=ledger,
scripts/run_apex.py:750:        plan_bridge = PB.PaperPlanBridge(
scripts/run_apex.py:760:        driver = PL.PaperRuntime(
scripts/run_apex.py:765:            plan_provider=plan_bridge, catch_up=catch_up)
apex/ops/engine_context.py:3148:    producer = EngineContextProducer(store, now=now)
apex/ops/plan_bridge.py:1013:    bridge = PaperPlanBridge(store=store, environment=environment,
tests/integration/test_cp14_producer.py:41:  source=E.EngineContextProducer(store,ledger=ledger,classifier_path=artifact,environment='PAPER')
tests/integration/test_cp14_producer.py:131:        source=E.EngineContextProducer(store,ledger=ledger,classifier_path=classifier,environment='PAPER')
tests/integration/test_cp14_producer.py:206:        bridge=PaperPlanBridge(store=store,environment='PAPER',context_source=source.get_bridge_context)
tests/integration/test_cp14_producer.py:218:        bridge=PaperPlanBridge(store=store,environment='PAPER',context_source=source.get_bridge_context)
tests/integration/test_cp14_producer.py:250:        bridge=PaperPlanBridge(store=store,environment='PAPER',context_source=source.get_bridge_context,
tests/integration/test_cp14_producer.py:252:        runtime=PaperRuntime(config=Config(),store=store,ledger=source.ledger,bus=bus,
tests/integration/test_cp14_producer.py:255:            plan_provider=bridge,catch_up=service.catch_up)
--- traceability rows ---
| X-11 | AI.10 L18920–18922 (T-DR-001/002/003) | determinism over the CP-6 stack: E08 snapshot_id + state fields byte-identical on recompute; stored inputs ⇒ same 13 gate verdicts, identical SetupEvent, identical arbitration reason, identical proposal_id and sized plan; forecast P/U/C + fabric hash byte-identical (the UUIDv7 evidence_id's time/random bits excluded with reason) | tests/integration/test_context_to_trade_paper.py::TestDeterminism | PASS(2026-09-13) |
| X-12 | PHASE2_CHECKPOINTS §CP-7 RULES/EXIT | the FULL PAPER loop on a fixture clock against the fake Toobit responder (test double only): clean boot READY with zero orders before READY → one cell through TRADE_PLAN/submit/FILL/PROTECTED/MANAGED/exit FILL/CLOSED+OUTCOME/RECONCILED with the chain intact → the five-operation wire surface with zero signature violations → 140-cell burst under semaphore 4 → drift-blocked loop → lost-ack recovery with a P0 alert and ONE submission → control-plane guardrails pausing the loop → signaling with an in-memory chart → two independent runs project identically and no secret reaches the ledger or a message | tests/integration/test_cp7_paper_loop.py (33 tests: TestCleanLoop, TestSchedulerInLoop, TestDriftBlocksTheLoop, TestRecoveryInLoop, TestControlPlaneInLoop, TestSignalingInLoop, TestLoopDeterminism) | PASS(2026-09-14) |
