--- production engine composition ---
26:ENGINE_ORDER = ("E01", "E02", "E12", "E04", "E03", "E10", "E09", "E05",
27:                "E06", "E11", "E07", "E08")
39:# cost unattributed). E05-E08 never run during training and report 0.0 there.
40:PROFILE_ENGINE_ORDER = ("E01", "E02", "E03", "E04", "E05", "E06", "E07",
100:        raise BridgeError("SIZE_INPUT_UNAVAILABLE", "ATR <= native E04 EPS")
403:        if row.get("engine_id") not in ("E01", "E02", "E03", "E05") or not row.get("evidence_id"):
491:    """D32: mid-rank of native HV30, prior same-cell E04 states only.
493:    The caller owns the per-cell native stream; no reconstructed HV or E04
501:        window = max(30, int(round(volatility.E04_DEFAULTS["regime_window_days"]
508:        if not math.isfinite(value) or len(history) < volatility.E04_DEFAULTS["min_bars"]:
1248:from apex.engines.e04_volatility import engine as E04
1249:from apex.engines.e05_fvg import engine as E05
1250:from apex.engines.e06_orderblock import engine as E06
1307:    """D26-A: E04's published ATR14, E11's Method-B lag-one reference.
1398:    """D35(e) P4: bisect slice of chronological E04 evidence, inclusive.
1460:    order.append("E04")
1461:    bars = [E04.observation_to_bar(o, timeframe) for o in window]
1463:        volatility = _time_engine(engine_profile, "E04", E04.run_engine, bars, timeframe=timeframe)
1465:        # Native chronological E04, never a partial/reimplemented indicator.
1474:            engine_profile["E04"] += time.monotonic() - drain_start
1479:        emitter = E04.E04VolatilityEngine()
1483:    # published E04 schema and align by as_of, not emitted-list position.
1494:        raise BridgeError("INSUFFICIENT_HISTORY", "E03/E04 warmup")
1557:def complete_engine_bundle(item: Mapping[str, Any], symbol: str, timeframe: str,
1563:    volume/ATR scalars. E06 starts at the actual joint dependency frontier.
1595:    order.append("E05")
1596:    fvg = E05.run_engine([E05.observation_to_bar(o) for o in window], symbol=symbol,
1598:    fvg_emitter = E05.E05FVGEngine()
1612:    order.append("E06")
1615:        raise BridgeError("E06_DEPENDENCY_UNAVAILABLE", "no contiguous mature volume/volatility suffix")
1622:    events.extend(E06.E06OrderBlockEngine().compute(symbol, timeframe, end, ob_context))
1669:                      "vol_confirm": "E03", "fvg": "E05"}[cid]
1724:    "E04_replay": "native chronological VolatilityEngineV4, each CLOSED observation once; no future-state reuse",
1872:            if ref.state == "ACTIVE" and event.engine_id == "E05":
1913:        atr = measured_number(bundle["vlt"].atr14_wilder,"ATR_UNAVAILABLE",lower=E04.EPS)
2318:        bundle = complete_engine_bundle(last, symbol, timeframe, artifact, rtm_context=rtm_context)
2459:        volatility_stream = {"engine": E04.VolatilityEngineV4(timeframe=timeframe), "pending": [], "evidence": []}
2475:            volatility_stream["pending"].append(E04.observation_to_bar(closed_engine_window([obs], timeframe)[0], timeframe))
3164:        engines = {name: 0.0 for name in PROFILE_ENGINE_ORDER} if profile else None
3863:    if not documented or timeframe not in E04.TF_SECONDS:
--- run_apex and PaperRuntime root ---
        # → gates → forecast → risk/decision chain for a real plan.  Missing
        # persisted engine context remains a named fail-closed refusal; the
        # provider never falls back to a hand-built plan.
        producer = (EC.EngineContextProducer(runtime.store, ledger=ledger,
                    environment="PAPER") if cfg.apex_env == "PAPER" else None)
        plan_bridge = PB.PaperPlanBridge(
            store=runtime.store, environment=cfg.apex_env,
            context_source=producer.get_bridge_context if producer is not None else None,
            context_preparer=producer.prepare if producer is not None else None)
        async def catch_up(now_ms: int) -> Dict[str, Any]:
            result = await service.catch_up(now_ms)
            if cfg.apex_env == "PAPER":
                control.paper_balance = CP.comma_format(await EC.paper_balance(ledger))
            return result

        driver = PL.PaperRuntime(
            config=cfg, store=runtime.store, ledger=ledger, bus=bus,
            adapter=adapter, signaling=signaling, control=control,
            gateway=gateway, watchdog=watchdog, clock=clock,
            environment=cfg.apex_env, notifier=notifier,
            plan_provider=plan_bridge, catch_up=catch_up)
        _say("APEX_GEN5 — 24/7 runtime (reconcile-first boot → the 140-cell "
             "scheduler → the SL-5 → SL-6 trade_plan queue → execution FSM)")
        drift = await C.measure_drift(
            _venue_server_time if adapter is not None else _no_venue_time, clock)
        boot = await driver.boot(drift_seconds=drift.get("drift_seconds"))
        try:
            EC.load_classifier()
            artifact_name = "E11_ARTIFACT"
        except EC.BridgeError as exc:
            artifact_name = exc.reason
        _say(f"  boot_state={boot['boot_state']} "
             f"new_trades_allowed={boot['new_trades_allowed']} "
             f"drift={drift['state']} ({drift.get('reason') or 'measured'}) "
             f"artifact={artifact_name}")
        if self.plan_provider is None:
            raise CellRefusal(
                "NO_PLAN_PROVIDER",
                "no plan provider is wired: the engine → fabric → setup → "
                "forecast → risk → plan bridge is a separate increment "
                "(PHASE2_HANDOFF_WIRING §REMAINING WORK)")
        provided = self.plan_provider(payload["symbol"], payload["timeframe"],
                                      payload["as_of"])
        plan = await provided if hasattr(provided, "__await__") else provided
        if plan is None:
            refusal = getattr(self.plan_provider,"refusals",{}).get(payload["cell_id"])
            if self.environment == "PAPER" and refusal:
                raise CellRefusal(refusal["reason"],refusal.get("detail",""))
            raise CellRefusal("NO_PLAN_FOR_CELL",
                              f"{payload['cell_id']} has no governed plan at "
                              f"{payload['as_of']}")
        if not isinstance(plan, Mapping):
            raise CellRefusal("PLAN_TYPE_QX", type(plan).__name__)
        return dict(plan)

    async def _setup_exists(self, setup_id: str) -> bool:
        if not setup_id:
            return False
        cursor = await self.store.db.execute(
--- CP-3 matrix case rows ---
| E04\|1 | E04 §3.1–§3.3 (L4955–5200) | volatility family: annualized HV, realized var, EWMA step, Garman-Klass, Parkinson (raw+adjusted), Rogers-Satchell, overnight/OC var, Bollinger width, RangeZ — all PIT-safe | tests/unit/test_e04_volatility.py::TestFormulas + TestGoldenFixtures (re-derived) | PASS(2026-09-12) |
| E04\|2 | E04 §3.4–§3.4.1 | GARCH(1,1) MLE stdlib-only (deterministic restart grid + coordinate search; EWMA fallback w/ degraded flag) + HAR-RV fit | TestFormulas::test_garch_mle_fit_deterministic + test_har_rv_fit | PASS(2026-09-12) |
| E04\|3 | E04 §3.8–§3.9 | squeeze state (VR≤0.75 ∧ BW≤0.12 ∧ RZ≤−0.5) + PIT quantile regime banding S_t excludes HV_t (rolling_quantiles linear interpolation) | TestFormulas::test_squeeze_state + test_regime_banding + TestGoldenFixtures::test_f10_regime_pit_quantiles_redrived | PASS(2026-09-12) |
| E04\|4 | E04 §3.10–§3.11 | exact statistics: χ² survival (lgamma regularized incomplete gamma), two-sided t-CDF (incomplete beta), Ljung–Box (Q, exact p), non-directional test with constructed-coupling fallback (ISSUE-CP3-001/003) | TestFormulas::test_chi2_sf + test_t_sf_two_sided + test_ljung_box_fixture_Q_p + TestNondirFallback | PASS(2026-09-12) |
| E04\|5 | E04 §3.6–§3.7 + §9 | vol targeting (K_TARGETING; §9 case 17.47), cluster persistence, §7 worked examples (Ch1 HV 45.3286; Ch3 width 5.8537%/VR 0.61538; cluster 0.6) | TestFormulas::test_vol_targeting_case + TestWorkedExamples | PASS(2026-09-12) |
| E04\|6 | E04 §5 + §6 | VolatilityState 21 required fields, to_canonical/load_state round-trip, snapshot_id canonical; frozen §6 defaults + get_params governance | TestSchemaAndEvents::test_state_21_required_fields + test_v4_roundtrip + TestParameters | PASS(2026-09-12) |
| E04\|7 | E04 §8.1 | 12 golden fixtures re-derived (doc divergences logged: F01 4.2214285, F05 parkinson 0.0628835, F07 YZ 0.0176164, F08 SMA 604.75, F09 explicit-RZ, F10 exact quantiles, F11 Q/p) | TestGoldenFixtures (12 tests) | PASS(2026-09-12) |
| E04\|8 | E04 §8.2–§8.8 | FULL battery: §8.2 500-bar replay byte-identical, §8.3 no-leak (shock-last-bar regime stability + prefix ATR identity), §8.4 ablation (YZ-RMSE vs C2C; Wilder-var < SMA-var), §8.5 Wilson wide-CI, §8.6 redundancy gates, §8.7 v3 rejection + v4 roundtrip, §8.8 nondir fallback | tests/unit/test_e04_volatility.py (66 tests total) | PASS(2026-09-12) |
| E04\|9 | E04 §4 + §9.5-9/G6 | event machine EV_VLT_001..008 (regime up/down, squeeze start/end hysteresis, expansion w/ bos_required note, extreme) + adaptive ATR E04↔E11 Wave-Out (raise, never build) | TestEventMachine + TestWaveOut (2 tests) | PASS(2026-09-12) |
| E04\|10 | E04 §4 binding + base.py | E04VolatilityEngine.compute → 24-field EvidenceEvents (direction=0), ATR series for E03/E05/E06, atr_series_for ATR_FLOOR pad, replay idempotency, MISSING_WINDOW_CONTEXT_QX | TestEngineBaseBinding (5 tests) | PASS(2026-09-12) |
| E05\|1 | E05 §3.1 (L5602–5800) | Gates A–D detection: ICT zone bull [H_{t−2}, L_t] / bear [H_t, L_{t−2}], negative-width safety net (abandoned max/min formula asserted negative; ISSUE-CP3-002), Gate_D θ_minW=0.2·ATR ∧ ≥3 ticks (CP-E05-001 NOT applied) | tests/unit/test_e05_fvg.py::TestGoldenFixtures::test_valid_bull_conventional + test_negative_width_old_formula_but_valid_with_new + TestFormulas::test_gate_d_min_width_0_2_rule | PASS(2026-09-12) |
| E05\|2 | E05 §3.2/§3.5/§3.6 | classification tree: DOJI (BR<0.1, ×0.7), BISI/SIBI, REJECTION (WR≥0.5 ∧ body/range≤0.4), SEQUENTIAL (0.3·ATR_HTF tol, ×1.25), INVERSE (×0.5, Q3_Experimental, default off; VR-warmup skip ISSUE-CP3-005) | TestGoldenFixtures::test_bisi/test_doji/test_rejection/test_sequential/test_inverse (5 tests) | PASS(2026-09-12) |
| E05\|3 | E05 §3.3–§3.4 | salience (.35/.25/.25/.15; w_v not reallocated in warmup per ISSUE-CP3-007), premium/discount z_mid, directional mitigation, freshness exp(−ln2/48·age) | TestFormulas + TestCaseStudy::test_salience_warmup_conservative | PASS(2026-09-12) |
| E05\|4 | E05 §3.7 + §4 | merge (IoU>0.7 OR containment → union bounds, S=max×1.1, identity-based removal) + lifecycle FRESH→TOUCHED→MITIGATED→FILLED / EXPIRED (age≥96 boundary-inclusive ISSUE-CP3-004; F<0.15) | TestGoldenFixtures::test_overlap_merge_iou_redrived + TestLifecycle (6 tests) | PASS(2026-09-12) |
| E05\|5 | E05 §5 | FVG_ZONE 21 required fields + enum validation, EV_FVG_001..009 catalog, snapshot determinism, v3→v4 adapter (mitigation_dir default 0, DOJI→CONVENTIONAL marker, ambiguity fail-closed) | TestSchemaAndEvents + TestLifecycle::test_snapshot_id_deterministic_and_64hex + TestSerializationCompat | PASS(2026-09-12) |
| E05\|6 | E05 §6 | frozen params (min_width_atr=0.2, half_life_bars=48, fresh_thr=0.15, iou_merge_thr=0.7, weights Σ=1, inverse_enabled=False; CP-E05-001 key rejected) | TestParameters (3 tests) | PASS(2026-09-12) |
| E05\|7 | E05 §8.1–§8.7 | FULL battery: 10 re-derived fixtures, §8.2 replay, §8.3 no-future-leak, §8.4 ablation (component zeroing w/ renormalized weights), §8.5 Wilson calibration, §8.6 redundancy (IoU>0.6 ∧ mid<0.2·ATR), §8.7 serialization | tests/unit/test_e05_fvg.py (49 tests) + §9 BNBUSDT case-study re-derivations (TestCaseStudy 6 tests) | PASS(2026-09-12) |
| E05\|8 | E05 binding + base.py | E05FVGEngine.compute → 24-field EvidenceEvents; atr_series consumed (never recomputed normatively); MISSING_WINDOW_CONTEXT_QX | TestEngineBaseBinding (2 tests) | PASS(2026-09-12) |
| E06\|1 | E06 §1.4 + CP-3 stage prompt | CONSUMPTION LINT: engine source contains no Wilder/SMA/ATR/indicator recomputation internals and no apex.engines.e01..e05 imports; run_engine raises MISSING_EVIDENCE_QX without both evidence streams; misaligned/missing/non-finite/PIT-violating evidence fails closed (6 negative paths) | tests/unit/test_e06_orderblock.py::TestConsumptionLint (7 tests) | PASS(2026-09-12) |
| E06\|2 | E06 §2.2–§2.6 + §3.2 | origin (BR≥0.55, opposite direction), multi-candle Disp (ΣR/ATR, K∈[1,5] until struct), corrected Context VR≥1.3 ∧ (FVG∨Disp≥1.8), asymmetric zone ±0.15·ATR, delayed confirmation t+K (lifecycle starts only after confirmed_at) | TestLifecycleScenario::test_up_ob_q3_detected_with_consumed_evidence + TestFormulas::test_asymmetric_zone_up_and_down | PASS(2026-09-12) |
| E06\|3 | E06 §1.6 | Q0–Q4 ladder (Q1=origin+disp_single; Q2=+VolRatio≥1.3; Q3=+Context+structural; Q4=+OOS Wilson/binomial) with ratchet + lineage; promote_q4 gate | TestFormulas::test_promote_ladder_ratchet + TestCalibration + TestGoldenFixtures::test_f02_down_q2_ladder_redrivation (ISSUE-CP3-012) | PASS(2026-09-12) |
| E06\|4 | E06 §2.7–§2.11 + §5.2 | lifecycle: RETESTED/MITIGATED (Mit≥0.5), invalidation ±0.2·ATR close, expiry age≥144, BREAKER reclaim (zone identical, direction reversed, S×0.9, Q3), MITIGATION_BLOCK reactivation (Q2 cap ISSUE-CP3-006), IoU>0.7 ∧ |Δidx|≤20 merge, confluence EV_OBK_008 | TestLifecycleScenario::test_retest_mitigated_invalidated_breaker_chain + test_expiry_at_max_age + TestRedundancyAndConfluence | PASS(2026-09-12) |
| E06\|5 | E06 §2.8 | directional mitigation: wrong-side penetration is geometric touch but NEVER effective (side_ok=False, no state change; ISSUE-CP3-011) | TestGoldenFixtures::test_f10_directional_wrong_side + TestWrongSideNoStateChange | PASS(2026-09-12) |
| E06\|6 | E06 §3.2/§3.3 | BodyRatio H<L→0, H==L→REJECTED (fixture 7), V=0→VolRatio=0 never infinity (fixture 8), dead-market ATR floor, salience formula (fixture 1 → 0.9166667 = §9 case 0.916) | TestGoldenFixtures::test_f07/test_f08/test_f01_up_q3_schema_and_salience + TestLifecycleScenario::test_flat_h_eq_l_origin_rejected + test_v_zero_caps_at_q1 | PASS(2026-09-12) |
| E06\|7 | E06 §5 | OBObject_V4 required fields + enums; EV_OBK_001..009 catalog; canonical snapshot; v3→v4 adapter (zone derivation from zone_lo/hi or origin_high/low; ambiguity/version fail-closed) | TestFormulas::test_schema_enum_fail_closed + TestSerializationCompat (4 tests) | PASS(2026-09-12) |
| E06\|8 | E06 §6 | frozen params (body_min 0.55, disp_min 1.5, disp_high 1.8, zone_tol 0.15, vol_min 1.3, max_age 144, inv_tol 0.2, iou 0.7, merge_bars 20, disp_max_k 5, weights Σ=1) | TestParameters (2 tests) | PASS(2026-09-12) |
| E06\|9 | E06 §8.1–§8.7 | FULL battery: 12 fixtures (verbatim objects, re-derived semantics), §8.2 replay (canonical hash + snapshot ids), §8.3 no-future-leak (GuardedList + truncated-future invariance), §8.4 ablation ladder, §8.5 Wilson+binomial calibration, §8.6 merge/confluence, §8.7 serialization | tests/unit/test_e06_orderblock.py (53 tests) | PASS(2026-09-12) |
| E06\|10 | E06 binding + base.py | E06OrderBlockEngine.compute → 24-field EvidenceEvents (resolution_class mapped into Q0..Q5 per ISSUE-CP3-013), MISSING_EVIDENCE_QX without evidence | TestEngineBaseBinding (3 tests) | PASS(2026-09-12) |
| X-4 | E04/E05/E06 §8.6 + CP-3 stage prompt | cross-engine chains: E04 atr_series → E05 Gate_D ∧ E06 I_Volatility_v4; E05 live zones → E06 I_FVG_v4 Context OR-term (Q3 lift); §8.6 redundancy IoU>0.6 ∧ mid<0.2·ATR | tests/integration/test_cp3_engines.py::TestE04FeedsDownstream + TestE05FeedsE06 + TestCrossEngineRedundancy | PASS(2026-09-12) |
| X-5 | PHASE2_CHECKPOINTS §CP-3 EXIT | emission rows validate against store DDL (frozen evidence_event, E04+E05+E06); T-DR-001 shared-window re-run for all three engines; E06 fail-closed without upstream evidence | tests/integration/test_cp3_engines.py::TestEmissionsInsertIntoStore + TestTDR001CP3 | PASS(2026-09-12) |
| X-6 | §9.5 directives (L20128–20247) | chapter-order engine files (§3→§4→§5→§6→§7→§8); ε tiers (E04 1e-12; E05/E06 1e-8); fixtures re-derived never copied (doc_inconsistency notes); Wave-Out adaptive_atr_e04_e11 raises | TestParameters + TestGoldenFixtures doc_inconsistency assertions + TestWaveOut | PASS(2026-09-12) |
