Baseline recursive consumer searches (grep over repository at baseline; source paths only, no data):
\n-- fixture boundary and test consumers --
85b2c155d7b054a468379ddfd802eb239d0801f9:tests/integration/test_cp4_engines.py:60:AS_OF = "2026-01-15T14:00:00Z"          # inside the 12:30–16:00 overlap
85b2c155d7b054a468379ddfd802eb239d0801f9:tests/integration/test_cp4_engines.py:61:AS_OF_MS = 1768485600000 + 14 * 3600000
85b2c155d7b054a468379ddfd802eb239d0801f9:tests/integration/test_cp4_engines.py:65:def lcg_window(n, seed=271, base=615.0, span=3.0):
85b2c155d7b054a468379ddfd802eb239d0801f9:tests/integration/test_cp4_engines.py:77:        bars.append({"ts": AS_OF_MS + i * 3600000, "o": o, "h": h, "l": l,
85b2c155d7b054a468379ddfd802eb239d0801f9:tests/integration/test_cp4_engines.py:83:def obs_window(bars, symbol="BTCUSDT", timeframe="1h"):
85b2c155d7b054a468379ddfd802eb239d0801f9:tests/integration/test_cp4_engines.py:101:def po3_confirmations(t0=AS_OF_MS):
85b2c155d7b054a468379ddfd802eb239d0801f9:tests/integration/test_cp4_engines.py:150:        info = utc_activity_window_check(AS_OF_MS)
85b2c155d7b054a468379ddfd802eb239d0801f9:tests/integration/test_cp4_engines.py:158:        info = utc_activity_window_check(AS_OF_MS, temporal_provider=stub)
85b2c155d7b054a468379ddfd802eb239d0801f9:tests/integration/test_cp4_engines.py:163:        assert stub.calls == [AS_OF_MS]          # E12 is the one consulted
85b2c155d7b054a468379ddfd802eb239d0801f9:tests/integration/test_cp4_engines.py:166:        info = utc_activity_window_check(AS_OF_MS,
85b2c155d7b054a468379ddfd802eb239d0801f9:tests/integration/test_cp4_engines.py:205:        bars = lcg_window(30)
85b2c155d7b054a468379ddfd802eb239d0801f9:tests/integration/test_cp4_engines.py:207:            "BNBUSDT", "15m", AS_OF,
85b2c155d7b054a468379ddfd802eb239d0801f9:tests/integration/test_cp4_engines.py:208:            {"window": obs_window(bars), "events": po3_confirmations(),
85b2c155d7b054a468379ddfd802eb239d0801f9:tests/integration/test_cp4_engines.py:237:        bars = lcg_window(14, base=615.0)
85b2c155d7b054a468379ddfd802eb239d0801f9:tests/integration/test_cp4_engines.py:259:        bars = lcg_window(60)
85b2c155d7b054a468379ddfd802eb239d0801f9:tests/integration/test_cp4_engines.py:287:        short = run_e09(lcg_window(8), atr=ATR, swings=short_swings)
85b2c155d7b054a468379ddfd802eb239d0801f9:tests/integration/test_cp4_engines.py:288:        warm = run_e09(lcg_window(60), atr=ATR, swings=warm_swings)
85b2c155d7b054a468379ddfd802eb239d0801f9:tests/integration/test_cp4_engines.py:298:        aligned = run_e09(lcg_window(60, span=1.0), atr=ATR)
85b2c155d7b054a468379ddfd802eb239d0801f9:tests/integration/test_cp4_engines.py:306:        bars = lcg_window(40)
85b2c155d7b054a468379ddfd802eb239d0801f9:tests/integration/test_cp4_engines.py:316:        bars = lcg_window(40)
85b2c155d7b054a468379ddfd802eb239d0801f9:tests/integration/test_cp4_engines.py:332:        bars = lcg_window(60, span=6.0)
85b2c155d7b054a468379ddfd802eb239d0801f9:tests/integration/test_cp4_engines.py:349:        bars = lcg_window(30)
85b2c155d7b054a468379ddfd802eb239d0801f9:tests/integration/test_cp4_engines.py:350:        window = obs_window(bars)
85b2c155d7b054a468379ddfd802eb239d0801f9:tests/integration/test_cp4_engines.py:353:            "BTCUSDT", "1h", AS_OF,
85b2c155d7b054a468379ddfd802eb239d0801f9:tests/integration/test_cp4_engines.py:357:            "BTCUSDT", "1h", AS_OF,
85b2c155d7b054a468379ddfd802eb239d0801f9:tests/integration/test_cp4_engines.py:362:            "BTCUSDT", "1h", AS_OF, {"window": window, "atr": ATR})
85b2c155d7b054a468379ddfd802eb239d0801f9:tests/integration/test_cp4_engines.py:413:        bars = lcg_window(30)
85b2c155d7b054a468379ddfd802eb239d0801f9:tests/integration/test_cp4_engines.py:414:        ctx_e07 = {"window": obs_window(bars), "events": po3_confirmations(),
85b2c155d7b054a468379ddfd802eb239d0801f9:tests/integration/test_cp4_engines.py:416:        ctx_e08 = {"window": obs_window(bars),
85b2c155d7b054a468379ddfd802eb239d0801f9:tests/integration/test_cp4_engines.py:420:        ctx_e09 = {"window": obs_window(bars), "atr": ATR}
85b2c155d7b054a468379ddfd802eb239d0801f9:tests/integration/test_cp4_engines.py:424:            batch += E07RTMEngine().compute("BTCUSDT", "1h", AS_OF, ctx_e07)
85b2c155d7b054a468379ddfd802eb239d0801f9:tests/integration/test_cp4_engines.py:425:            batch += E08WyckoffEngine().compute("BTCUSDT", "1h", AS_OF, ctx_e08)
85b2c155d7b054a468379ddfd802eb239d0801f9:tests/integration/test_cp4_engines.py:426:            batch += E09TrendEngine().compute("BTCUSDT", "1h", AS_OF, ctx_e09)
85b2c155d7b054a468379ddfd802eb239d0801f9:tests/integration/test_cp4_engines.py:434:        bars = lcg_window(30)
85b2c155d7b054a468379ddfd802eb239d0801f9:tests/integration/test_cp4_engines.py:444:        bars = lcg_window(45)
85b2c155d7b054a468379ddfd802eb239d0801f9:tests/integration/test_cp5_engines.py:53:AS_OF = "2026-01-15T14:00:00Z"          # inside the 12:30–16:00 overlap
85b2c155d7b054a468379ddfd802eb239d0801f9:tests/integration/test_cp5_engines.py:54:AS_OF_MS = 1768485600000                # == 2026-01-15T14:00:00Z exactly
85b2c155d7b054a468379ddfd802eb239d0801f9:tests/integration/test_cp5_engines.py:58:def lcg_window(n, seed=271, base=615.0, span=3.0):
85b2c155d7b054a468379ddfd802eb239d0801f9:tests/integration/test_cp5_engines.py:70:        bars.append({"ts": AS_OF_MS + i * 3600000, "o": o, "h": h, "l": l,
85b2c155d7b054a468379ddfd802eb239d0801f9:tests/integration/test_cp5_engines.py:76:BARS = lcg_window(60)   # E10's §5.2 Q1 warmup floor needs >= 60 bars
85b2c155d7b054a468379ddfd802eb239d0801f9:tests/integration/test_cp5_engines.py:79:def obs_window(bars, symbol="BTCUSDT", timeframe="1h"):
85b2c155d7b054a468379ddfd802eb239d0801f9:tests/integration/test_cp5_engines.py:113:def e11_candles(bars):
85b2c155d7b054a468379ddfd802eb239d0801f9:tests/integration/test_cp5_engines.py:123:def po3_confirmations(t0=AS_OF_MS):
85b2c155d7b054a468379ddfd802eb239d0801f9:tests/integration/test_cp5_engines.py:153:        info = utc_activity_window_check(AS_OF_MS, temporal_provider=prov)
85b2c155d7b054a468379ddfd802eb239d0801f9:tests/integration/test_cp5_engines.py:163:        info = utc_activity_window_check(AS_OF_MS)
85b2c155d7b054a468379ddfd802eb239d0801f9:tests/integration/test_cp5_engines.py:169:        info = utc_activity_window_check(AS_OF_MS,
85b2c155d7b054a468379ddfd802eb239d0801f9:tests/integration/test_cp5_engines.py:260:        return run_e11(e11_candles(BARS), W=np.zeros((9, 8)),
85b2c155d7b054a468379ddfd802eb239d0801f9:tests/integration/test_cp5_engines.py:282:                "BTCUSDT", "1h", AS_OF,
85b2c155d7b054a468379ddfd802eb239d0801f9:tests/integration/test_cp5_engines.py:283:                context={"candles": e11_candles(BARS), "forecast": True})
85b2c155d7b054a468379ddfd802eb239d0801f9:tests/integration/test_cp5_engines.py:291:        window = obs_window(BARS)
85b2c155d7b054a468379ddfd802eb239d0801f9:tests/integration/test_cp5_engines.py:292:        e12c = e12_candles(BARS)
85b2c155d7b054a468379ddfd802eb239d0801f9:tests/integration/test_cp5_engines.py:293:        e11c = e11_candles(BARS)
85b2c155d7b054a468379ddfd802eb239d0801f9:tests/integration/test_cp5_engines.py:295:            lambda: run_e10(BARS, symbol="BTCUSDT", interval="1h"),
85b2c155d7b054a468379ddfd802eb239d0801f9:tests/integration/test_cp5_engines.py:309:            ev_a = eng.compute("BTCUSDT", "1h", AS_OF, context=ctx)
85b2c155d7b054a468379ddfd802eb239d0801f9:tests/integration/test_cp5_engines.py:310:            ev_b = eng.compute("BTCUSDT", "1h", AS_OF, context=ctx)
85b2c155d7b054a468379ddfd802eb239d0801f9:tests/integration/test_cp5_engines.py:322:        window = obs_window(BARS)
85b2c155d7b054a468379ddfd802eb239d0801f9:tests/integration/test_cp5_engines.py:324:        evs += E10MomentumEngine().compute("BTCUSDT", "1h", AS_OF,
85b2c155d7b054a468379ddfd802eb239d0801f9:tests/integration/test_cp5_engines.py:327:            "BTCUSDT", "1h", AS_OF,
85b2c155d7b054a468379ddfd802eb239d0801f9:tests/integration/test_cp5_engines.py:328:            {"candles": e11_candles(BARS), "W": np.zeros((9, 8)),
85b2c155d7b054a468379ddfd802eb239d0801f9:tests/integration/test_cp5_engines.py:331:            "BTCUSDT", "1h", AS_OF,
85b2c155d7b054a468379ddfd802eb239d0801f9:tests/integration/test_cp5_engines.py:332:            {"candles": e12_candles(BARS), "econ_calendar": set()})
\n-- composition/window consumers --
85b2c155d7b054a468379ddfd802eb239d0801f9:apex/data_catalog/catalog.py:52:    async def get_window(self, symbol: str, timeframe: str, as_of: str,
85b2c155d7b054a468379ddfd802eb239d0801f9:apex/data_catalog/catalog.py:337:        window = self._provider.get_window(symbol, timeframe, as_of, bars)
85b2c155d7b054a468379ddfd802eb239d0801f9:apex/data_catalog/store/sqlite_store.py:497:    async def get_window(self, symbol: str, timeframe: str, as_of: str,
85b2c155d7b054a468379ddfd802eb239d0801f9:apex/ops/engine_context.py:1718:    "window_reader": "SQLiteStore.get_window(symbol,timeframe,as_of,bars)",
85b2c155d7b054a468379ddfd802eb239d0801f9:apex/ops/engine_context.py:1816:                context = await self._compose_bridge_context(symbol,timeframe,as_of)
85b2c155d7b054a468379ddfd802eb239d0801f9:apex/ops/engine_context.py:1843:    async def _compose_bridge_context(self, symbol: str, timeframe: str, as_of: str) -> dict:
85b2c155d7b054a468379ddfd802eb239d0801f9:apex/ops/engine_context.py:1856:        bundle = await self.prepare_engine_bundle(symbol,timeframe,as_of)
85b2c155d7b054a468379ddfd802eb239d0801f9:apex/ops/engine_context.py:2283:    async def prepare_engine_bundle(self, symbol: str, timeframe: str, as_of: str,
85b2c155d7b054a468379ddfd802eb239d0801f9:apex/ops/engine_context.py:2369:        window = await self.store.get_window(symbol, timeframe, as_of, bars)
85b2c155d7b054a468379ddfd802eb239d0801f9:apex/ops/engine_context.py:3148:    producer = EngineContextProducer(store, now=now)
85b2c155d7b054a468379ddfd802eb239d0801f9:apex/ops/paper_loop.py:309:    window = await store.get_window(symbol, timeframe, as_of, 1)
85b2c155d7b054a468379ddfd802eb239d0801f9:apex/ops/paper_loop.py:479:    async def _stage_ingest(self, payload: Mapping[str, Any]) -> Dict[str, Any]:
85b2c155d7b054a468379ddfd802eb239d0801f9:apex/ops/paper_loop.py:480:        window = await self.store.get_window(payload["symbol"], payload["timeframe"],
85b2c155d7b054a468379ddfd802eb239d0801f9:apex/ops/paper_loop.py:518:    async def _stage_engines(self, payload: Mapping[str, Any]) -> Dict[str, Any]:
85b2c155d7b054a468379ddfd802eb239d0801f9:apex/ops/paper_loop.py:956:    async def run_cycle(self, *, now_ms: Optional[int] = None) -> Dict[str, Any]:
85b2c155d7b054a468379ddfd802eb239d0801f9:apex/ops/plan_bridge.py:599:                    self.store.get_window(symbol, timeframe, as_of, int(window_bars)))
85b2c155d7b054a468379ddfd802eb239d0801f9:scripts/run_apex.py:748:        producer = (EC.EngineContextProducer(runtime.store, ledger=ledger,
\n-- CP4/CP5 engine callers in production --
85b2c155d7b054a468379ddfd802eb239d0801f9:apex/ops/engine_context.py:1456:    collect("E12", E12.E12TemporalEngine, {**base, "profile": temporal_profile})
85b2c155d7b054a468379ddfd802eb239d0801f9:apex/ops/engine_context.py:1512:        emitter = E10.E10MomentumEngine()
85b2c155d7b054a468379ddfd802eb239d0801f9:apex/ops/engine_context.py:1520:    collect("E09", E09.E09TrendEngine, trend_context)
85b2c155d7b054a468379ddfd802eb239d0801f9:apex/ops/engine_context.py:1631:    regime_engine = E11.E11RegimeEngine()
85b2c155d7b054a468379ddfd802eb239d0801f9:apex/ops/engine_context.py:1685:    events.extend(E07.E07RTMEngine().compute(symbol, timeframe, end, {
85b2c155d7b054a468379ddfd802eb239d0801f9:apex/ops/engine_context.py:1690:    events.extend(E08.E08WyckoffEngine().compute(symbol, timeframe, end, {"window": window,
85b2c155d7b054a468379ddfd802eb239d0801f9:tests/integration/test_context_to_trade_paper.py:62:    E08WyckoffEngine,
85b2c155d7b054a468379ddfd802eb239d0801f9:tests/integration/test_context_to_trade_paper.py:155:    return E08WyckoffEngine().compute(SYMBOL, TIMEFRAME, AS_OF_ISO, {
85b2c155d7b054a468379ddfd802eb239d0801f9:tests/integration/test_cp14_producer.py:102:                     ("E12",E.E12.E12TemporalEngine),("E03",E.E03.E03VolumeEngine),
85b2c155d7b054a468379ddfd802eb239d0801f9:tests/integration/test_cp14_producer.py:103:                     ("E09",E.E09.E09TrendEngine),("E06",E.E06.E06OrderBlockEngine),
85b2c155d7b054a468379ddfd802eb239d0801f9:tests/integration/test_cp14_producer.py:104:                     ("E11",E.E11.E11RegimeEngine),("E07",E.E07.E07RTMEngine),
85b2c155d7b054a468379ddfd802eb239d0801f9:tests/integration/test_cp14_producer.py:105:                     ("E08",E.E08.E08WyckoffEngine)):
85b2c155d7b054a468379ddfd802eb239d0801f9:tests/integration/test_cp14_producer.py:116:    for code,cls in (("E04",E.E04.E04VolatilityEngine),("E10",E.E10.E10MomentumEngine)):
85b2c155d7b054a468379ddfd802eb239d0801f9:tests/integration/test_cp4_engines.py:30:    E07RTMEngine,
85b2c155d7b054a468379ddfd802eb239d0801f9:tests/integration/test_cp4_engines.py:41:    E08WyckoffEngine,
85b2c155d7b054a468379ddfd802eb239d0801f9:tests/integration/test_cp4_engines.py:51:    E09TrendEngine,
85b2c155d7b054a468379ddfd802eb239d0801f9:tests/integration/test_cp4_engines.py:56:    run_engine as run_e09,
85b2c155d7b054a468379ddfd802eb239d0801f9:tests/integration/test_cp4_engines.py:206:        evs = E07RTMEngine().compute(
85b2c155d7b054a468379ddfd802eb239d0801f9:tests/integration/test_cp4_engines.py:260:        res = run_e09(bars, atr=ATR,
85b2c155d7b054a468379ddfd802eb239d0801f9:tests/integration/test_cp4_engines.py:287:        short = run_e09(lcg_window(8), atr=ATR, swings=short_swings)
85b2c155d7b054a468379ddfd802eb239d0801f9:tests/integration/test_cp4_engines.py:288:        warm = run_e09(lcg_window(60), atr=ATR, swings=warm_swings)
85b2c155d7b054a468379ddfd802eb239d0801f9:tests/integration/test_cp4_engines.py:298:        aligned = run_e09(lcg_window(60, span=1.0), atr=ATR)
85b2c155d7b054a468379ddfd802eb239d0801f9:tests/integration/test_cp4_engines.py:309:        a = run_e09(bars, atr=atr_val)
85b2c155d7b054a468379ddfd802eb239d0801f9:tests/integration/test_cp4_engines.py:310:        b = run_e09(bars, atr=atr_val * 2)
85b2c155d7b054a468379ddfd802eb239d0801f9:tests/integration/test_cp4_engines.py:321:        with_swings = run_e09(bars, atr=ATR, swings=swings)
85b2c155d7b054a468379ddfd802eb239d0801f9:tests/integration/test_cp4_engines.py:322:        without = run_e09(bars, atr=ATR, swings=None)
85b2c155d7b054a468379ddfd802eb239d0801f9:tests/integration/test_cp4_engines.py:329:            run_e09(bars, atr=ATR, swings=leak)
85b2c155d7b054a468379ddfd802eb239d0801f9:tests/integration/test_cp4_engines.py:336:        res = run_e09(bars, atr=ATR, swings=swings,
85b2c155d7b054a468379ddfd802eb239d0801f9:tests/integration/test_cp4_engines.py:352:        evs += E07RTMEngine().compute(
85b2c155d7b054a468379ddfd802eb239d0801f9:tests/integration/test_cp4_engines.py:356:        evs += E08WyckoffEngine().compute(
85b2c155d7b054a468379ddfd802eb239d0801f9:tests/integration/test_cp4_engines.py:361:        evs += E09TrendEngine().compute(
85b2c155d7b054a468379ddfd802eb239d0801f9:tests/integration/test_cp4_engines.py:424:            batch += E07RTMEngine().compute("BTCUSDT", "1h", AS_OF, ctx_e07)
85b2c155d7b054a468379ddfd802eb239d0801f9:tests/integration/test_cp4_engines.py:425:            batch += E08WyckoffEngine().compute("BTCUSDT", "1h", AS_OF, ctx_e08)
85b2c155d7b054a468379ddfd802eb239d0801f9:tests/integration/test_cp4_engines.py:426:            batch += E09TrendEngine().compute("BTCUSDT", "1h", AS_OF, ctx_e09)
85b2c155d7b054a468379ddfd802eb239d0801f9:tests/integration/test_cp4_engines.py:447:        a = run_e09(bars, atr=ATR, swings=swings)
85b2c155d7b054a468379ddfd802eb239d0801f9:tests/integration/test_cp4_engines.py:448:        b = run_e09(bars, atr=ATR, swings=swings)
85b2c155d7b054a468379ddfd802eb239d0801f9:tests/integration/test_cp5_engines.py:39:from apex.engines.e10_momentum import E10MomentumEngine
85b2c155d7b054a468379ddfd802eb239d0801f9:tests/integration/test_cp5_engines.py:40:from apex.engines.e10_momentum import run_engine as run_e10
85b2c155d7b054a468379ddfd802eb239d0801f9:tests/integration/test_cp5_engines.py:41:from apex.engines.e11_regime import E11RegimeEngine
85b2c155d7b054a468379ddfd802eb239d0801f9:tests/integration/test_cp5_engines.py:43:from apex.engines.e11_regime import run_engine as run_e11
85b2c155d7b054a468379ddfd802eb239d0801f9:tests/integration/test_cp5_engines.py:45:    E12TemporalEngine,
85b2c155d7b054a468379ddfd802eb239d0801f9:tests/integration/test_cp5_engines.py:49:from apex.engines.e12_temporal import run_engine as run_e12
85b2c155d7b054a468379ddfd802eb239d0801f9:tests/integration/test_cp5_engines.py:260:        return run_e11(e11_candles(BARS), W=np.zeros((9, 8)),
85b2c155d7b054a468379ddfd802eb239d0801f9:tests/integration/test_cp5_engines.py:281:            E11RegimeEngine().compute(
85b2c155d7b054a468379ddfd802eb239d0801f9:tests/integration/test_cp5_engines.py:295:            lambda: run_e10(BARS, symbol="BTCUSDT", interval="1h"),
85b2c155d7b054a468379ddfd802eb239d0801f9:tests/integration/test_cp5_engines.py:296:            lambda: run_e11(e11c, W=np.zeros((9, 8)), b=np.zeros(9),
85b2c155d7b054a468379ddfd802eb239d0801f9:tests/integration/test_cp5_engines.py:298:            lambda: run_e12(e12c, econ_calendar=set()),
85b2c155d7b054a468379ddfd802eb239d0801f9:tests/integration/test_cp5_engines.py:304:            (E10MomentumEngine(), {"window": window}),
85b2c155d7b054a468379ddfd802eb239d0801f9:tests/integration/test_cp5_engines.py:305:            (E11RegimeEngine(), {"candles": e11c, "W": np.zeros((9, 8)),
85b2c155d7b054a468379ddfd802eb239d0801f9:tests/integration/test_cp5_engines.py:307:            (E12TemporalEngine(), {"candles": e12c, "econ_calendar": set()}),
85b2c155d7b054a468379ddfd802eb239d0801f9:tests/integration/test_cp5_engines.py:324:        evs += E10MomentumEngine().compute("BTCUSDT", "1h", AS_OF,
85b2c155d7b054a468379ddfd802eb239d0801f9:tests/integration/test_cp5_engines.py:326:        evs += E11RegimeEngine().compute(
85b2c155d7b054a468379ddfd802eb239d0801f9:tests/integration/test_cp5_engines.py:330:        evs += E12TemporalEngine().compute(
85b2c155d7b054a468379ddfd802eb239d0801f9:tests/unit/test_e07_rtm.py:27:    E07RTMEngine,
85b2c155d7b054a468379ddfd802eb239d0801f9:tests/unit/test_e07_rtm.py:963:            E07RTMEngine().compute("BNBUSDT", "15m", "2026-01-15T00:00:00Z", {})
85b2c155d7b054a468379ddfd802eb239d0801f9:tests/unit/test_e07_rtm.py:967:        evs = E07RTMEngine().compute(
85b2c155d7b054a468379ddfd802eb239d0801f9:tests/unit/test_e07_rtm.py:981:        assert E07RTMEngine().compute("BNBUSDT", "15m",
85b2c155d7b054a468379ddfd802eb239d0801f9:tests/unit/test_e07_rtm.py:987:            E07RTMEngine().compute("BNBUSDT", "15m", "2026-01-15T00:00:00Z",
85b2c155d7b054a468379ddfd802eb239d0801f9:tests/unit/test_e07_rtm.py:995:        a = E07RTMEngine().compute("BNBUSDT", "15m", "2026-01-15T00:00:00Z",
85b2c155d7b054a468379ddfd802eb239d0801f9:tests/unit/test_e07_rtm.py:998:        b = E07RTMEngine().compute("BNBUSDT", "15m", "2026-01-15T00:00:00Z",
85b2c155d7b054a468379ddfd802eb239d0801f9:tests/unit/test_e08_wyckoff.py:29:    E08WyckoffEngine,
85b2c155d7b054a468379ddfd802eb239d0801f9:tests/unit/test_e08_wyckoff.py:834:            E08WyckoffEngine().compute("BNBUSDT", "6h",
85b2c155d7b054a468379ddfd802eb239d0801f9:tests/unit/test_e08_wyckoff.py:838:        assert E08WyckoffEngine().compute("BNBUSDT", "6h",
85b2c155d7b054a468379ddfd802eb239d0801f9:tests/unit/test_e08_wyckoff.py:845:        evs = E08WyckoffEngine().compute("BNBUSDT", "6h",
85b2c155d7b054a468379ddfd802eb239d0801f9:tests/unit/test_e08_wyckoff.py:852:        evs = E08WyckoffEngine().compute(
85b2c155d7b054a468379ddfd802eb239d0801f9:tests/unit/test_e08_wyckoff.py:869:            E08WyckoffEngine().compute("BNBUSDT", "6h", "2026-01-15T00:00:00Z",
85b2c155d7b054a468379ddfd802eb239d0801f9:tests/unit/test_e08_wyckoff.py:880:        a = E08WyckoffEngine().compute("BNBUSDT", "6h", "2026-01-15T00:00:00Z",
85b2c155d7b054a468379ddfd802eb239d0801f9:tests/unit/test_e08_wyckoff.py:882:        b = E08WyckoffEngine().compute("BNBUSDT", "6h", "2026-01-15T00:00:00Z",
85b2c155d7b054a468379ddfd802eb239d0801f9:tests/unit/test_e09_trend.py:27:    E09TrendEngine,
85b2c155d7b054a468379ddfd802eb239d0801f9:tests/unit/test_e09_trend.py:710:            E09TrendEngine().compute("BTCUSDT", "1h", "2026-01-15T00:00:00Z",
85b2c155d7b054a468379ddfd802eb239d0801f9:tests/unit/test_e09_trend.py:714:        assert E09TrendEngine().compute("BTCUSDT", "1h",
85b2c155d7b054a468379ddfd802eb239d0801f9:tests/unit/test_e09_trend.py:720:        evs = E09TrendEngine().compute(
85b2c155d7b054a468379ddfd802eb239d0801f9:tests/unit/test_e09_trend.py:736:            E09TrendEngine().compute("BTCUSDT", "1h", "2026-01-15T00:00:00Z",
85b2c155d7b054a468379ddfd802eb239d0801f9:tests/unit/test_e09_trend.py:744:        a = E09TrendEngine().compute("BTCUSDT", "1h", "2026-01-15T00:00:00Z",
85b2c155d7b054a468379ddfd802eb239d0801f9:tests/unit/test_e09_trend.py:746:        b = E09TrendEngine().compute("BTCUSDT", "1h", "2026-01-15T00:00:00Z",
85b2c155d7b054a468379ddfd802eb239d0801f9:tests/unit/test_e10_momentum.py:30:    E10MomentumEngine,
85b2c155d7b054a468379ddfd802eb239d0801f9:tests/unit/test_e10_momentum.py:701:            E10MomentumEngine().compute("BNBUSDT", "1h",
85b2c155d7b054a468379ddfd802eb239d0801f9:tests/unit/test_e10_momentum.py:705:        assert E10MomentumEngine().compute("BNBUSDT", "1h",
85b2c155d7b054a468379ddfd802eb239d0801f9:tests/unit/test_e10_momentum.py:711:        evs = E10MomentumEngine().compute(
85b2c155d7b054a468379ddfd802eb239d0801f9:tests/unit/test_e10_momentum.py:728:        assert E10MomentumEngine().compute(
85b2c155d7b054a468379ddfd802eb239d0801f9:tests/unit/test_e10_momentum.py:735:            E10MomentumEngine().compute(
85b2c155d7b054a468379ddfd802eb239d0801f9:tests/unit/test_e10_momentum.py:750:        a = E10MomentumEngine().compute("BNBUSDT", "1h",
85b2c155d7b054a468379ddfd802eb239d0801f9:tests/unit/test_e10_momentum.py:752:        b = E10MomentumEngine().compute("BNBUSDT", "1h",
85b2c155d7b054a468379ddfd802eb239d0801f9:tests/unit/test_e11_regime.py:32:    E11RegimeEngine,
85b2c155d7b054a468379ddfd802eb239d0801f9:tests/unit/test_e11_regime.py:827:            E11RegimeEngine().compute("BNBUSDT", "1h",
85b2c155d7b054a468379ddfd802eb239d0801f9:tests/unit/test_e11_regime.py:833:            E11RegimeEngine().compute("BNBUSDT", "1h",
85b2c155d7b054a468379ddfd802eb239d0801f9:tests/unit/test_e11_regime.py:839:            E11RegimeEngine().compute("BNBUSDT", "1h",
85b2c155d7b054a468379ddfd802eb239d0801f9:tests/unit/test_e11_regime.py:843:        assert E11RegimeEngine().compute("BNBUSDT", "1h",
85b2c155d7b054a468379ddfd802eb239d0801f9:tests/unit/test_e11_regime.py:849:        evs = E11RegimeEngine().compute(
85b2c155d7b054a468379ddfd802eb239d0801f9:tests/unit/test_e11_regime.py:872:        assert E11RegimeEngine().compute(
85b2c155d7b054a468379ddfd802eb239d0801f9:tests/unit/test_e11_regime.py:881:            E11RegimeEngine().compute(
85b2c155d7b054a468379ddfd802eb239d0801f9:tests/unit/test_e11_regime.py:893:        a = E11RegimeEngine().compute("BNBUSDT", "1h",
85b2c155d7b054a468379ddfd802eb239d0801f9:tests/unit/test_e11_regime.py:895:        b = E11RegimeEngine().compute("BNBUSDT", "1h",
85b2c155d7b054a468379ddfd802eb239d0801f9:tests/unit/test_e12_temporal.py:30:    E12TemporalEngine,
85b2c155d7b054a468379ddfd802eb239d0801f9:tests/unit/test_e12_temporal.py:1139:        eng = E12TemporalEngine()
85b2c155d7b054a468379ddfd802eb239d0801f9:tests/unit/test_e12_temporal.py:1155:        eng = E12TemporalEngine()
85b2c155d7b054a468379ddfd802eb239d0801f9:tests/unit/test_e12_temporal.py:1164:        eng = E12TemporalEngine()
85b2c155d7b054a468379ddfd802eb239d0801f9:tests/unit/test_e12_temporal.py:1172:            E12TemporalEngine().compute("BTCUSDT", "1h",
85b2c155d7b054a468379ddfd802eb239d0801f9:tests/unit/test_e12_temporal.py:1176:        assert E12TemporalEngine().compute(
85b2c155d7b054a468379ddfd802eb239d0801f9:tests/unit/test_e12_temporal.py:1181:        eng = E12TemporalEngine()
85b2c155d7b054a468379ddfd802eb239d0801f9:tests/unit/test_e12_temporal.py:1197:        events = E12TemporalEngine().compute(
85b2c155d7b054a468379ddfd802eb239d0801f9:tests/unit/test_e12_temporal.py:1203:        eng = E12TemporalEngine()
85b2c155d7b054a468379ddfd802eb239d0801f9:tests/unit/test_engine_context.py:380:    engine = EC.E11.E11RegimeEngine()
85b2c155d7b054a468379ddfd802eb239d0801f9:tests/unit/test_engine_context.py:390:    engine = EC.E11.E11RegimeEngine()
85b2c155d7b054a468379ddfd802eb239d0801f9:tests/unit/test_engine_context.py:3390:    eng = e11mod.E11RegimeEngine()
85b2c155d7b054a468379ddfd802eb239d0801f9:tests/unit/test_engine_context_store_sources.py:172:        ("E12",EC.E12.E12TemporalEngine),("E03",EC.E03.E03VolumeEngine),
85b2c155d7b054a468379ddfd802eb239d0801f9:tests/unit/test_engine_context_store_sources.py:173:        ("E09",EC.E09.E09TrendEngine),("E05",EC.E05.E05FVGEngine),
85b2c155d7b054a468379ddfd802eb239d0801f9:tests/unit/test_engine_context_store_sources.py:174:        ("E06",EC.E06.E06OrderBlockEngine),("E11",EC.E11.E11RegimeEngine),
85b2c155d7b054a468379ddfd802eb239d0801f9:tests/unit/test_engine_context_store_sources.py:175:        ("E07",EC.E07.E07RTMEngine),("E08",EC.E08.E08WyckoffEngine)):
85b2c155d7b054a468379ddfd802eb239d0801f9:tests/unit/test_engine_context_store_sources.py:190:    for code, cls in (("E04",EC.E04.E04VolatilityEngine),("E10",EC.E10.E10MomentumEngine)):
\n-- PIT boundary validation and timestamp consumers --
85b2c155d7b054a468379ddfd802eb239d0801f9:apex/data_catalog/catalog.py:315:        frontier = self._provider.max_availability_time(symbol, timeframe, as_of)
85b2c155d7b054a468379ddfd802eb239d0801f9:apex/data_catalog/store/sqlite_store.py:515:            " AND open_time<=? ORDER BY open_time DESC LIMIT ?) "
85b2c155d7b054a468379ddfd802eb239d0801f9:apex/fabric/conflict.py:67:    "I1": "Point-in-time: availability_time <= as_of for every input; "
85b2c155d7b054a468379ddfd802eb239d0801f9:apex/ops/engine_context.py:172:    end = int(dt.datetime.fromtimestamp(as_of_ms/1000, dt.timezone.utc)
85b2c155d7b054a468379ddfd802eb239d0801f9:apex/ops/engine_context.py:269:        if row["timestamp_ms"] > as_of_ms:
85b2c155d7b054a468379ddfd802eb239d0801f9:apex/ops/engine_context.py:301:        if review["timestamp_ms"] <= as_of_ms:
85b2c155d7b054a468379ddfd802eb239d0801f9:apex/ops/engine_context.py:1703:            raise BridgeError("BRIDGE_PIT_VIOLATION", event.engine_id)
85b2c155d7b054a468379ddfd802eb239d0801f9:apex/ops/engine_context.py:1723:    "raw_metadata": "immutable observation_id/content hash binding restores availability_time and OI timestamp; availability<=as_of",
85b2c155d7b054a468379ddfd802eb239d0801f9:apex/ops/engine_context.py:1749:        if close_time_ms(_iso_to_ms(obs.timestamp), timeframe) > as_of_ms:
85b2c155d7b054a468379ddfd802eb239d0801f9:apex/ops/engine_context.py:1751:        if obs.availability_time is None or _iso_to_ms(obs.availability_time) > as_of_ms:
85b2c155d7b054a468379ddfd802eb239d0801f9:apex/ops/engine_context.py:1783:             "WHERE m.symbol=? AND r.availability_time<=? ORDER BY m.timeframe,m.open_time,m.observation_id",(symbol,as_of)),
85b2c155d7b054a468379ddfd802eb239d0801f9:apex/ops/engine_context.py:1789:            ("ledger", "SELECT ledger_id,payload_hash FROM ledger WHERE timestamp<=? ORDER BY rowid",(as_of,))):
85b2c155d7b054a468379ddfd802eb239d0801f9:apex/ops/engine_context.py:2299:            "AND candle_status IN ('CLOSED','CORRECTED') AND open_time<=?",
85b2c155d7b054a468379ddfd802eb239d0801f9:apex/ops/engine_context.py:2385:            "AND m.open_time>=? AND m.open_time<=? ORDER BY m.open_time",
85b2c155d7b054a468379ddfd802eb239d0801f9:apex/ops/engine_context.py:2483:            if any(o.availability_time is None or _iso_to_ms(o.availability_time) > _iso_to_ms(as_of) for o in source_window):
85b2c155d7b054a468379ddfd802eb239d0801f9:apex/ops/engine_context.py:2484:                yield {"index": index, "as_of": as_of, "confirmation": None, "reason": "PIT_VIOLATION"}
85b2c155d7b054a468379ddfd802eb239d0801f9:apex/ops/engine_context.py:3724:            oi=oi_value, timestamp=str(as_of), sequence=0,
85b2c155d7b054a468379ddfd802eb239d0801f9:apex/ops/engine_context.py:3753:        "AND open_time<=? AND candle_status IN ('CLOSED','CORRECTED') "
85b2c155d7b054a468379ddfd802eb239d0801f9:apex/ops/engine_context.py:3975:        raise BridgeError("BRIDGE_PIT_VIOLATION", "future evidence event time")
85b2c155d7b054a468379ddfd802eb239d0801f9:apex/ops/paper_loop.py:639:            plan, price=price, timestamp_utc=payload["as_of"],
85b2c155d7b054a468379ddfd802eb239d0801f9:apex/ops/paper_loop.py:838:                reduce_only=True, timestamp_utc=as_of)
85b2c155d7b054a468379ddfd802eb239d0801f9:apex/ops/plan_bridge.py:356:        event.get("availability_time", event.get("as_of", event.get("event_time"))),
85b2c155d7b054a468379ddfd802eb239d0801f9:apex/ops/plan_bridge.py:400:            for key in ("timestamp", "ts", "as_of", "status"):
85b2c155d7b054a468379ddfd802eb239d0801f9:apex/ops/plan_bridge.py:605:            timestamp = bar.get("timestamp", bar.get("as_of"))
85b2c155d7b054a468379ddfd802eb239d0801f9:apex/ops/plan_bridge.py:609:                    raise BridgeError("BRIDGE_PIT_VIOLATION", f"bar index={index}")
85b2c155d7b054a468379ddfd802eb239d0801f9:apex/ops/plan_bridge.py:772:            symbol=symbol, timeframe=timeframe, timestamp=as_of_ms)
