=== Required recursive caller/consumer search ===
apex/research/adapter_conformance.py:124:def t_ad_001(*, export_path: Optional[str] = None) -> Dict[str, Any]:
apex/research/adapter_conformance.py:169:        export_summary = run_legacy_export(records)
apex/research/adapter_conformance.py:173:            "real_data_gate": export_summary,
apex/research/adapter_conformance.py:177:def run_legacy_export(records: Sequence[Mapping[str, Any]]) -> Dict[str, Any]:
scripts/run_adapter_conformance.py:173:def run_harness(*, legacy_export: str | None = None) -> Dict[str, Any]:
scripts/run_adapter_conformance.py:185:        report["passed"] = False
scripts/run_adapter_conformance.py:194:    report["t_ad_001"] = ac.t_ad_001(export_path=legacy_export)
scripts/run_adapter_conformance.py:196:    report["passed"] = (report["cases_passed"] == report["cases_total"]
scripts/run_adapter_conformance.py:199:    report["status"] = "PASS" if report["passed"] else "FAIL"
scripts/run_adapter_conformance.py:235:    report = run_harness(legacy_export=args.legacy_export)
scripts/run_adapter_conformance.py:260:    return 0 if report["passed"] else 1
scripts/run_nfr_harness.py:192:def run_harness(*, decisions: int = 200, orders: int = 100,
scripts/run_nfr_harness.py:233:    report = run_harness(decisions=args.decisions, orders=args.orders,
tests/integration/test_cp8_adapters.py:128:        verdict = ac.t_ad_001()
tests/integration/test_cp8_adapters.py:137:        report = ac.run_legacy_export(cases)
tests/integration/test_cp8_adapters.py:143:    def test_the_real_data_gate_stays_open_without_an_export(self):
tests/integration/test_cp8_adapters.py:144:        gate = ac.t_ad_001()["real_data_gate"]
tests/integration/test_cp8_adapters.py:153:        path = tmp_path / "legacy_export.json"
tests/integration/test_cp8_adapters.py:155:        gate = ac.t_ad_001(export_path=str(path))["real_data_gate"]
tests/integration/test_cp8_adapters.py:163:        path = tmp_path / "legacy_export.json"
tests/integration/test_cp8_adapters.py:167:        gate = ac.t_ad_001(export_path=str(path))["real_data_gate"]
tests/integration/test_cp8_adapters.py:174:            ac.t_ad_001(export_path=str(tmp_path / "missing.json"))
tests/unit/test_ai10_harness.py:42:    return runner.run_harness()
tests/unit/test_ai10_harness.py:65:        verdict = runner.run_harness()
tests/unit/test_ai10_harness.py:80:        assert report["passed"] is True
tests/unit/test_ai10_harness.py:95:    def test_the_real_data_gate_is_reported_open(self, report):
tests/unit/test_ai10_harness.py:96:        gate = report["t_ad_001"]["real_data_gate"]
tests/unit/test_ai10_nfr_harness.py:35:        yield harness.run_harness(decisions=10, orders=5, minutes=0.0)
