{
  "adjudicate": {
    "decision": "ALLOW",
    "reason": "SIZED",
    "selected_parameter_package": null,
    "sized_after_all_vetoes": true,
    "sized_quantity": 40.0,
    "sizing": {
      "R_allowed": 50.0,
      "correlation": {},
      "decision": "ALLOW",
      "min_quantity": 0.001,
      "multiplier": 1.0,
      "notes": [],
      "q_attention_bound": null,
      "q_risk_bound": 40.0,
      "risk_state": "LowRisk",
      "sized_quantity": 40.0
    },
    "snapshot_id": "aaaaaaaaaaaaaaaaaaaaaaaaaaaaaaaaaaaaaaaaaaaaaaaaaaaaaaaaaaaaaaaa",
    "veto_evaluation_order": [
      1,
      2,
      3,
      4,
      5,
      6,
      7,
      8,
      9,
      10,
      11,
      12,
      13,
      14
    ],
    "vetoes_applied": []
  },
  "proposed_notional": 4000.0,
  "risk_input": {
    "availability_time": 1,
    "capital": 10000.0,
    "capital_hard_cap": 6000.0,
    "circuit_breaker_engaged": false,
    "conflict_state": "CONSENSUS",
    "consecutive_losses": 0,
    "emergency_state": "NORMAL",
    "failed_setup_gate": false,
    "freshness_sla_seconds": 30.0,
    "is_risk_increase": false,
    "margin_health_fraction": 0.9,
    "min_quantity": 0.001,
    "oi_lag_seconds": 5.0,
    "oi_lag_threshold_seconds": 60.0,
    "per_symbol_exposure": 0.0,
    "pit_violation": false,
    "portfolio_cap": 1000000.0,
    "portfolio_exposure": 0.0,
    "proposed_notional": 4000.0,
    "q_raw": 0.9,
    "qx_state": false,
    "realized_daily_loss_fraction": 0.0,
    "realized_weekly_loss_fraction": 0.0,
    "risk_state": "LowRisk",
    "snapshot_id": "aaaaaaaaaaaaaaaaaaaaaaaaaaaaaaaaaaaaaaaaaaaaaaaaaaaaaaaaaaaaaaaa",
    "staleness_seconds": 1.0,
    "stop_distance": 1.25,
    "symbol_cap": 2000.0,
    "time_to_expiry_days": 40.0,
    "timeframe": "1h",
    "uncertainty_is_rising": false
  },
  "symbol_cap": 2000.0
}
