{
  "adapter_result": {
    "attempts": [
      {
        "actor": "EXECUTION_ADAPTER",
        "attempt_no": 1,
        "business_code": 0,
        "classification": "OK",
        "endpoint": "POST /api/v1/futures/order",
        "error": null,
        "http_status": 200,
        "idempotency_key": "f491c95f3c8f7d89aba01917ded93f5100a470bd97ac851b7111ce0996c32704",
        "operation": "submit_order",
        "outcome": "ACKNOWLEDGED",
        "result_source": "TRANSPORT",
        "timestamp_utc": "2026-09-28T00:00:00.000Z"
      }
    ],
    "business_code": 0,
    "cached": false,
    "classification": "OK",
    "client_order_id": "intent-1",
    "contract_version": "4.0.0",
    "data": {
      "code": 0,
      "data": {
        "orderId": "o-1"
      }
    },
    "endpoint": "POST /api/v1/futures/order",
    "error_code": null,
    "http_status": 200,
    "idempotency_key": "f491c95f3c8f7d89aba01917ded93f5100a470bd97ac851b7111ce0996c32704",
    "interval_disabled": null,
    "ok": true,
    "operation": "submit_order",
    "order_id": "o-1",
    "outcome": "ACKNOWLEDGED",
    "reconcile_required": false,
    "resubmitted": false,
    "rule": "Ch.16 L16898 success = HTTP 200 + code \u2208 {0,200}"
  },
  "boundary": "capture only; no network",
  "captured": [
    {
      "has_signature": false,
      "header_keys": [
        "Content-Type",
        "X-BB-APIKEY"
      ],
      "method": "POST",
      "query_keys": [
        "&",
        "&",
        "&",
        "&",
        "&",
        "&",
        "&",
        "&",
        "&",
        "&",
        "&",
        "-",
        "-",
        "-",
        "0",
        "0",
        "0",
        "0",
        "0",
        "0",
        "0",
        "0",
        "0",
        "0",
        "0",
        "0",
        "0",
        "0",
        "0",
        "1",
        "1",
        "1",
        "1",
        "1",
        "1",
        "1",
        "1",
        "1",
        "2",
        "2",
        "2",
        "3",
        "3",
        "3",
        "3",
        "4",
        "4",
        "4",
        "4",
        "4",
        "4",
        "5",
        "5",
        "5",
        "5",
        "5",
        "5",
        "5",
        "6",
        "6",
        "6",
        "6",
        "6",
        "7",
        "7",
        "7",
        "7",
        "7",
        "7",
        "7",
        "8",
        "8",
        "9",
        "9",
        "9",
        "=",
        "=",
        "=",
        "=",
        "=",
        "=",
        "=",
        "=",
        "=",
        "=",
        "=",
        "=",
        "A",
        "A",
        "B",
        "B",
        "C",
        "C",
        "D",
        "E",
        "E",
        "F",
        "I",
        "I",
        "I",
        "I",
        "I",
        "I",
        "L",
        "M",
        "M",
        "N",
        "N",
        "N",
        "O",
        "O",
        "O",
        "O",
        "P",
        "P",
        "P",
        "S",
        "S",
        "T",
        "T",
        "T",
        "T",
        "T",
        "U",
        "U",
        "U",
        "W",
        "W",
        "W",
        "Y",
        "Y",
        "_",
        "_",
        "a",
        "a",
        "a",
        "a",
        "a",
        "b",
        "b",
        "b",
        "b",
        "b",
        "b",
        "c",
        "c",
        "c",
        "c",
        "c",
        "c",
        "c",
        "c",
        "c",
        "c",
        "c",
        "c",
        "c",
        "d",
        "d",
        "d",
        "d",
        "d",
        "d",
        "e",
        "e",
        "e",
        "e",
        "e",
        "e",
        "e",
        "e",
        "e",
        "e",
        "e",
        "e",
        "e",
        "e",
        "e",
        "e",
        "e",
        "e",
        "e",
        "e",
        "f",
        "f",
        "f",
        "g",
        "i",
        "i",
        "i",
        "i",
        "i",
        "i",
        "i",
        "i",
        "i",
        "i",
        "i",
        "i",
        "l",
        "l",
        "m",
        "m",
        "m",
        "m",
        "n",
        "n",
        "n",
        "n",
        "n",
        "n",
        "n",
        "n",
        "o",
        "o",
        "o",
        "o",
        "o",
        "o",
        "p",
        "p",
        "p",
        "p",
        "p",
        "p",
        "q",
        "r",
        "r",
        "r",
        "r",
        "r",
        "r",
        "r",
        "s",
        "s",
        "s",
        "s",
        "s",
        "t",
        "t",
        "t",
        "t",
        "t",
        "t",
        "t",
        "t",
        "t",
        "t",
        "t",
        "u",
        "u",
        "v",
        "w",
        "y",
        "y",
        "y",
        "y"
      ],
      "url": "https://api.toobit.com/api/v1/futures/order"
    }
  ]
}
