{
  "backup_sha256": "4f6173a4db3a4db121bbeb6d1e77583afd25d70a5375360f30e9cc6226e31cd0",
  "bytes": 217088,
  "chain_intact_after": true,
  "chain_intact_before": true,
  "contract_version": "4.0.0",
  "encrypted": false,
  "gate": "G-RESTORE-001",
  "integrity_ok": true,
  "mismatches": 0,
  "passed": true,
  "records": 25,
  "restored_records": 25,
  "restored_sha256": "4f6173a4db3a4db121bbeb6d1e77583afd25d70a5375360f30e9cc6226e31cd0",
  "rpo_limit_seconds": -1,
  "rpo_seconds": 0.0,
  "rpo_within_limit": false,
  "rto_limit_seconds": 1800,
  "rto_seconds": 0.0011181831359863281,
  "rto_within_limit": true,
  "rule": "AI.7 RTO \u2264 30 min / RPO \u2264 5 min; AI.13 G-RESTORE-001; full hash-chain validation before resumption",
  "test": "T-RESTORE-001",
  "workdir": "/tmp/audit-d022-0cit_hiz",
  "zero_data_loss": true
}
