==============================================================================
N-001  no_future_leak_check() is vacuous + future candle rewrites history
==============================================================================
  mutated index            : 62
  len(before)              : 62  (last index 61)
  len(after = mutated[:t+1]): 62  (last index 61)
  is the mutated element inside `after`? False
  before == after elementwise? True
  -> the +10*ATR mutation of candles[t+1] is DISCARDED by the slice mutated[:t+1];
     `before` and `after` are the same input, so the equality can never fail.
  E01.no_future_leak_check(candles) -> True

  window len=70 : events=112 active_swings=10 pruned=0
  window len=100: events=188 active_swings=15 pruned=0 | events with candle_index<=69 that DISAPPEARED: 0
     of which HISTORICAL BOS (candle_index<=69) that vanished: 0 / 62
  window len=130: events=228 active_swings=18 pruned=1 | events with candle_index<=69 that DISAPPEARED: 37
     of which HISTORICAL BOS (candle_index<=69) that vanished: 34 / 62
     e.g. vanished (candle_index, price_level): [(19, 108.12), (20, 108.12), (21, 108.12), (22, 108.12)]
  window len=200: events=228 active_swings=18 pruned=11 | events with candle_index<=69 that DISAPPEARED: 73
     of which HISTORICAL BOS (candle_index<=69) that vanished: 62 / 62
     e.g. vanished (candle_index, price_level): [(19, 108.12), (20, 108.12), (21, 108.12), (22, 108.12)]
  -> theta_maxAge=120 prunes on len(candles); detect_bos filters fate!=PRUNED;
     therefore HISTORICAL output is a function of the FUTURE window length.

==============================================================================
N-002  detect_bos re-fires the same level on every subsequent close
==============================================================================
  BOS_BULLISH events on price_level=101.0 : 26
    candle_index=14  break_price=103.857143  break_mag=1.2438  S=0.6523  q=Q3
    candle_index=15  break_price=104.914286  break_mag=1.7040  S=0.6260  q=Q3
    candle_index=16  break_price=105.971429  break_mag=2.1642  S=0.6779  q=Q3
    candle_index=17  break_price=107.028571  break_mag=2.6244  S=0.7219  q=Q3
    candle_index=18  break_price=108.085714  break_mag=3.0846  S=0.7578  q=Q3
    candle_index=19  break_price=109.142857  break_mag=3.5448  S=0.7864  q=Q3
    candle_index=20  break_price=102.0  break_mag=0.3723  S=0.3760  q=Q2
    candle_index=21  break_price=102.4  break_mag=0.5253  S=0.4276  q=Q2
    candle_index=22  break_price=102.8  break_mag=0.6809  S=0.4804  q=Q2
    candle_index=23  break_price=108.228571  break_mag=2.4257  S=0.6480  q=Q3
    candle_index=24  break_price=107.571429  break_mag=2.2052  S=0.6525  q=Q3
    candle_index=25  break_price=106.914286  break_mag=1.9847  S=0.5703  q=Q2
    candle_index=26  break_price=106.257143  break_mag=1.7641  S=0.5714  q=Q2
    candle_index=27  break_price=105.6  break_mag=1.5436  S=0.5712  q=Q2
    candle_index=28  break_price=106.657143  break_mag=1.8984  S=0.7099  q=Q3
    candle_index=29  break_price=107.714286  break_mag=2.2531  S=0.7506  q=Q3
    candle_index=30  break_price=108.771429  break_mag=2.6079  S=0.7017  q=Q3
    candle_index=31  break_price=109.828571  break_mag=2.9626  S=0.7335  q=Q3
    candle_index=32  break_price=110.885714  break_mag=3.3174  S=0.7614  q=Q3
    candle_index=33  break_price=111.942857  break_mag=3.6721  S=0.7862  q=Q3
    candle_index=34  break_price=113.0  break_mag=4.6314  S=0.8162  q=Q3
    candle_index=35  break_price=112.342857  break_mag=4.3422  S=0.6547  q=Q3
    candle_index=36  break_price=111.685714  break_mag=4.0577  S=0.6691  q=Q3
    candle_index=37  break_price=111.028571  break_mag=4.3657  S=0.6919  q=Q3
    candle_index=38  break_price=110.371429  break_mag=4.0796  S=0.7064  q=Q3
    candle_index=39  break_price=109.714286  break_mag=3.7935  S=0.7197  q=Q3
  distinct snapshot_ids: 26
  -> no level consumption / re-arm: one break yields N BOS events.

==============================================================================
N-003  compute() documents context['htf_swings'] but never passes it
==============================================================================
  run_pipeline signature : (candles: 'Sequence[Dict[str, Any]]', params: 'Optional[Dict[str, Any]]' = None) -> 'Dict[str, Any]'
  run_pipeline passes htf_swings to merge_and_prune_swings?  False
False
  context keys actually read by E01StructureEngine.compute: ['e01_params', 'states_by_tf', 'tick_size']
  'htf_swings' read by compute? False
  run_pipeline() call inside compute: ['output = run_pipeline(candles, params)']

==============================================================================
N-004  catalogue event types that run_pipeline never emits
==============================================================================
  declared in STRUCTURE_EVENT_TYPES: 21
  emitted by run_pipeline(200 bars): ['EV_STR_007_BOS_BULLISH', 'EV_STR_011_RETEST', 'EV_STR_012_WICK_REJECTION']
  NEVER emitted: ['EV_STR_000_INVALID_CANDLE', 'EV_STR_001_SWING_HIGH_CANDIDATE', 'EV_STR_002_SWING_LOW_CANDIDATE', 'EV_STR_003_SWING_HIGH_CONFIRMED', 'EV_STR_004_SWING_LOW_CONFIRMED', 'EV_STR_005_SWING_PRUNED', 'EV_STR_006_SWING_EXTERNAL_CONFIRMED', 'EV_STR_008_BOS_BEARISH', 'EV_STR_009_CHOCHE_BULLISH', 'EV_STR_010_CHOCHE_BEARISH', 'EV_STR_013_INVALIDATION', 'EV_STR_014_GAP', 'EV_STR_015_EXTERNAL_VALIDATION', 'EV_STR_016_BIAS_BULLISH', 'EV_STR_017_BIAS_BEARISH', 'EV_STR_018_STRENGTH_UPDATE', 'EV_STR_019_EXPIRY', 'EV_STR_020_BIAS_UPDATE']
  EV_STR_020_BIAS_UPDATE only when context['states_by_tf'] set -> False

==============================================================================
N-005  availability_time is the candle close_time, not max input time
==============================================================================
  sample event: {'event_type': 'EV_STR_007_BOS_BULLISH', 'candle_index': 103, 'timestamp': '2026-01-01T01:43:30.000Z'}
  _to_evidence availability line: ['availability = ev.get("timestamp") or as_of', 'availability_time=availability,']
  swings carry 'confirmed_at' but no availability: ['confirmed_at', 'index', 'method', 'price', 'q_tag', 'snapshot_id', 'timestamp', 'type']
  gap event timestamp field: ['"timestamp": c["open_time"],']

==============================================================================
N-006  false_break_rate counts a PARTIAL outcome window (n=1)
==============================================================================
  BOS at t=58, window=len=60, h=8 -> only 1 of 8 future candles exists
  false_break_rate -> p_fail=0.0, n=1   (docstring: events without a FULL outcome window are NOT counted)
  same BOS with t at the last index (no future bar) -> p=0.0, n=0

==============================================================================
N-007  run_pipeline re-numbers candle_index after dropping H<L bars
==============================================================================
  input bars = 70 (index 30 is invalid H<L)
  invalid-candle events: ['EV_STR_000_INVALID_CANDLE']
  event candle_index values are indexes into the FILTERED list: min=19
  distinct structural candle_index: [19, 20, 21, 22, 30, 31, 32, 33, 34, 35, 36, 37] ...
    event idx= 19 ts=2026-01-01T00:19:30.000Z -> index in filtered list = 19
    event idx= 20 ts=2026-01-01T00:20:30.000Z -> index in filtered list = 20
    event idx= 21 ts=2026-01-01T00:21:30.000Z -> index in filtered list = 21
    event idx= 22 ts=2026-01-01T00:22:30.000Z -> index in filtered list = 22
    event idx= 30 ts=2026-01-01T00:31:30.000Z -> index in filtered list = 30
    event idx= 31 ts=2026-01-01T00:32:30.000Z -> index in filtered list = 31
  -> an index reported as 30 is the bar that was originally at 31.

DONE N-001..N-007
